Startpoint: inst_762 (rising edge-triggered flip-flop clocked by clk)
Endpoint: inst_765 (rising edge-triggered flip-flop clocked by clk)
Path Group: clk
Path Type: max

  Delay    Time   Description
---------------------------------------------------------
   0.00    0.00   clock clk (rise edge)
   0.00    0.00   clock network delay (ideal)
   0.00    0.00 ^ inst_762/CK (DFFR_X2)
 124.93  124.93 v inst_762/QN (DFFR_X2)
   4.74  129.67 ^ inst_545/ZN (INV_X4)
   5.57  135.25 v inst_552/ZN (INV_X4)
  56.13  191.37 v inst_16/ZN (OR2_X2)
  21.75  213.12 ^ inst_73/ZN (NOR2_X2)
   9.14  222.27 v inst_80/ZN (NOR2_X2)
  79.17  301.44 ^ inst_27/ZN (NOR4_X2)
   9.86  311.30 v inst_106/ZN (NOR2_X2)
   7.26  318.56 ^ inst_231/ZN (NAND2_X4)
   6.97  325.53 v inst_480/ZN (NAND2_X2)
   5.18  330.71 ^ inst_484/ZN (NAND2_X2)
   0.00  330.71 ^ inst_765/D (DFFR_X1)
         330.71   data arrival time

  10.00   10.00   clock clk (rise edge)
   0.00   10.00   clock network delay (ideal)
   0.00   10.00   clock reconvergence pessimism
          10.00 ^ inst_765/CK (DFFR_X1)
 -30.93  -20.93   library setup time
         -20.93   data required time
---------------------------------------------------------
         -20.93   data required time
        -330.71   data arrival time
---------------------------------------------------------
        -351.65   slack (VIOLATED)


Startpoint: inst_765 (rising edge-triggered flip-flop clocked by clk)
Endpoint: inst_765 (rising edge-triggered flip-flop clocked by clk)
Path Group: clk
Path Type: max

  Delay    Time   Description
---------------------------------------------------------
   0.00    0.00   clock clk (rise edge)
   0.00    0.00   clock network delay (ideal)
   0.00    0.00 ^ inst_765/CK (DFFR_X1)
  98.74   98.74 v inst_765/QN (DFFR_X1)
  55.95  154.70 v inst_15/ZN (OR2_X2)
   4.14  158.84 ^ inst_608/ZN (INV_X4)
   7.82  166.65 v inst_285/ZN (NAND2_X2)
  21.71  188.36 ^ inst_86/ZN (NOR2_X2)
  12.04  200.40 v inst_106/ZN (NOR2_X2)
   7.26  207.67 ^ inst_231/ZN (NAND2_X4)
   6.97  214.64 v inst_480/ZN (NAND2_X2)
   5.18  219.82 ^ inst_484/ZN (NAND2_X2)
   0.00  219.82 ^ inst_765/D (DFFR_X1)
         219.82   data arrival time

  10.00   10.00   clock clk (rise edge)
   0.00   10.00   clock network delay (ideal)
   0.00   10.00   clock reconvergence pessimism
          10.00 ^ inst_765/CK (DFFR_X1)
 -30.93  -20.93   library setup time
         -20.93   data required time
---------------------------------------------------------
         -20.93   data required time
        -219.82   data arrival time
---------------------------------------------------------
        -240.75   slack (VIOLATED)


