/home/wllpro/llwang07/.local/lib/python3.8/site-packages/cvxpy/reductions/solvers/solving_chain.py:356: FutureWarning: 
    You specified your problem should be solved by ECOS. Starting in
    CXVPY 1.6.0, ECOS will no longer be installed by default with CVXPY.
    Please either add ECOS as an explicit install dependency to your project
    or switch to our new default solver, Clarabel, by either not specifying a
    solver argument or specifying ``solver=cp.CLARABEL``. To suppress this
    warning while continuing to use ECOS, you can filter this warning using
    Python's ``warnings`` module until you are using 1.6.0.
    
  warnings.warn(ECOS_DEP_DEPRECATION_MSG, FutureWarning)
Script /home/wllpro/llwang07/kxzhu/DelayPadding/gcd_dir/path_generate.tcl already exists, skipping generation
config: {'ss_asap7': ['/home/wllpro/llwang07/kxzhu/DelayPadding/platform/asap7sc7p5t_AO_RVT_SS_nldm_211120.lib', '/home/wllpro/llwang07/kxzhu/DelayPadding/platform/asap7sc7p5t_INVBUF_RVT_SS_nldm_220122.lib', '/home/wllpro/llwang07/kxzhu/DelayPadding/platform/asap7sc7p5t_OA_RVT_SS_nldm_211120.lib', '/home/wllpro/llwang07/kxzhu/DelayPadding/platform/asap7sc7p5t_SEQ_RVT_SS_nldm_220123.lib', '/home/wllpro/llwang07/kxzhu/DelayPadding/platform/asap7sc7p5t_SIMPLE_RVT_SS_nldm_211120.lib'], 'ff_asap7': ['/home/wllpro/llwang07/kxzhu/DelayPadding/platform/asap7sc7p5t_AO_RVT_FF_nldm_211120.lib', '/home/wllpro/llwang07/kxzhu/DelayPadding/platform/asap7sc7p5t_INVBUF_RVT_FF_nldm_220122.lib', '/home/wllpro/llwang07/kxzhu/DelayPadding/platform/asap7sc7p5t_OA_RVT_FF_nldm_211120.lib', '/home/wllpro/llwang07/kxzhu/DelayPadding/platform/asap7sc7p5t_SEQ_RVT_FF_nldm_220123.lib', '/home/wllpro/llwang07/kxzhu/DelayPadding/platform/asap7sc7p5t_SIMPLE_RVT_FF_nldm_211120.lib']}
运行OpenSTA
开始解析timing report: /home/wllpro/llwang07/kxzhu/DelayPadding/gcd_dir/timing_ss_asap7_max.rpt 和 /home/wllpro/llwang07/kxzhu/DelayPadding/gcd_dir/timing_ss_asap7_min.rpt
运行OpenSTA
开始解析timing report: /home/wllpro/llwang07/kxzhu/DelayPadding/gcd_dir/timing_ff_asap7_max.rpt 和 /home/wllpro/llwang07/kxzhu/DelayPadding/gcd_dir/timing_ff_asap7_min.rpt

==================================================
工艺角 ss_asap7 的图信息:
==================================================

1. 基本统计信息:
   - 寄存器总数: 35
   - 时序路径总数: 70

2. 边类型分布统计:
   - 类型 a: 0 条
   - 类型 b: 50 条
   - 类型 c: 3 条
   - 类型 d: 17 条
   - 类型 N/A: 0 条
边类型明细已写入: /home/wllpro/llwang07/kxzhu/DelayPadding/gcd_dir/edge_type_stat_ss_asap7.txt
   _594_                                    _618_                                    593.930         248.370         -18.090         13.750          b              
   _594_                                    _617_                                    591.480         248.380         -18.090         13.750          b              
   _594_                                    _614_                                    585.160         248.370         -18.090         13.750          b              
   _594_                                    _613_                                    582.830         248.380         -18.090         13.750          b              
   _594_                                    _616_                                    554.710         248.370         -18.090         13.750          b              
   _594_                                    _615_                                    553.110         248.380         -18.090         13.750          b              
   _594_                                    _610_                                    463.710         172.030         -18.420         15.160          b              
   _618_                                    _602_                                    470.270         141.140         -18.180         -1.820          d              
   _617_                                    _601_                                    425.320         149.970         -18.180         -1.820          d              
   _614_                                    _598_                                    462.880         141.140         -18.180         -1.820          d              
   _613_                                    _597_                                    430.930         149.970         -18.180         -1.820          d              
   _616_                                    _600_                                    466.420         141.140         -18.180         -1.820          d              
   _615_                                    _599_                                    430.050         153.450         -18.180         -1.820          d              
   _602_                                    _589_                                    520.450         255.690         -18.490         13.890          b              
   _602_                                    _591_                                    520.450         255.690         -18.490         13.890          b              
   _602_                                    _593_                                    520.450         255.690         -18.490         13.890          b              
   _602_                                    _595_                                    520.450         255.690         -18.490         13.890          b              
   _602_                                    _587_                                    520.440         255.690         -18.490         13.890          b              
   _602_                                    _588_                                    520.440         255.690         -18.490         13.890          b              
   _602_                                    _590_                                    520.440         255.690         -18.490         13.890          b              
   _602_                                    _592_                                    520.440         255.690         -18.490         13.890          b              
   _602_                                    _594_                                    520.440         255.690         -18.490         13.890          b              
   _602_                                    _596_                                    520.440         255.690         -18.490         13.890          b              
   _602_                                    _610_                                    498.740         251.050         -18.420         15.160          b              
   _602_                                    _586_                                    494.050         239.350         -22.540         12.330          b              
   _602_                                    _585_                                    507.980         258.940         -3.360          13.960          b              
   _602_                                    _608_                                    490.630         249.970         -18.090         13.750          b              
   _602_                                    _609_                                    490.630         249.970         -18.090         13.750          b              
   _602_                                    _603_                                    490.610         249.960         -18.090         13.750          b              
   _602_                                    _605_                                    490.610         249.970         -18.090         13.750          b              
   _602_                                    _606_                                    490.610         249.970         -18.090         13.750          b              
   _602_                                    _607_                                    490.610         249.970         -18.090         13.750          b              
   _602_                                    _604_                                    497.880         247.710         -3.740          13.860          b              
   _602_                                    _597_                                    482.950         226.360         -18.180         13.460          b              
   _602_                                    _598_                                    482.950         226.360         -18.180         13.460          b              
   _602_                                    _599_                                    482.950         226.360         -18.180         13.460          b              
   _602_                                    _600_                                    482.950         226.360         -18.180         13.460          b              
   _602_                                    _601_                                    482.950         226.360         -18.180         13.460          b              
   _602_                                    _602_                                    482.950         168.170         -18.180         13.460          b              
   _602_                                    _618_                                    460.790         170.080         -18.090         13.750          b              
   _589_                                    _605_                                    434.550         183.480         -18.090         13.750          b              
   _591_                                    _607_                                    419.590         184.200         -18.090         13.750          b              
   _593_                                    _609_                                    422.660         183.880         -18.090         13.750          b              
   _595_                                    _611_                                    427.580         184.270         -18.090         13.750          b              
   _590_                                    _612_                                    515.570         303.440         -18.090         13.750          b              
   _590_                                    _611_                                    513.230         303.440         -18.090         13.750          b              
   _590_                                    _606_                                    454.430         169.500         -18.090         13.750          b              
   _592_                                    _608_                                    453.400         170.600         -18.090         13.750          b              
   _596_                                    _612_                                    472.310         170.600         -18.090         13.750          b              
   _612_                                    _596_                                    480.540         146.150         -18.490         -1.860          d              
   _611_                                    _595_                                    436.600         154.980         -18.490         -1.860          d              
   _610_                                    _594_                                    472.420         146.150         -18.490         -1.860          d              
   _586_                                    _584_                                    251.420         225.150         -18.160         13.470          c              
   _585_                                    _585_                                    136.020         129.820         -17.280         13.960          c              
   _585_                                    _584_                                    176.520         143.260         -4.850          -1.820          c              
   _608_                                    _592_                                    470.420         146.150         -18.490         -1.860          d              
   _609_                                    _593_                                    429.880         154.980         -18.490         -1.860          d              
   _603_                                    _603_                                    449.630         159.140         -18.090         13.750          d              
   _603_                                    _587_                                    466.350         150.630         -18.490         -1.860          b              
   _605_                                    _589_                                    443.730         154.980         -18.490         -1.860          d              
   _606_                                    _590_                                    466.290         146.150         -18.490         -1.860          d              
   _607_                                    _591_                                    428.310         154.980         -18.490         -1.860          d              
   _604_                                    _588_                                    443.040         149.770         -18.490         -1.860          d              
   _604_                                    _604_                                    410.390         156.270         -16.490         -0.430          b              
   _597_                                    _613_                                    447.090         183.890         -18.090         13.750          b              
   _598_                                    _614_                                    470.610         170.100         -18.090         13.750          b              
   _599_                                    _615_                                    435.410         182.350         -18.090         13.750          b              
   _600_                                    _616_                                    468.030         170.560         -18.090         13.750          b              
   _601_                                    _617_                                    424.770         183.490         -18.090         13.750          b              
   _584_                                    _586_                                    266.250         183.750         -4.790          12.330          d              

==================================================
工艺角 ff_asap7 的图信息:
==================================================

1. 基本统计信息:
   - 寄存器总数: 35
   - 时序路径总数: 70

2. 边类型分布统计:
   - 类型 a: 0 条
   - 类型 b: 50 条
   - 类型 c: 3 条
   - 类型 d: 17 条
   - 类型 N/A: 0 条
边类型明细已写入: /home/wllpro/llwang07/kxzhu/DelayPadding/gcd_dir/edge_type_stat_ff_asap7.txt
   _594_                                    _618_                                    300.530         125.830         -9.760          5.630           b              
   _594_                                    _617_                                    297.090         125.830         -9.760          5.630           b              
   _594_                                    _614_                                    298.020         125.830         -9.760          5.630           b              
   _594_                                    _613_                                    294.630         125.830         -9.760          5.630           b              
   _594_                                    _616_                                    281.920         125.830         -9.760          5.630           b              
   _594_                                    _615_                                    278.790         125.830         -9.760          5.630           b              
   _594_                                    _610_                                    235.560         83.690          -9.780          5.760           b              
   _618_                                    _602_                                    244.610         68.870          -9.650          -1.880          d              
   _617_                                    _601_                                    218.280         74.020          -9.650          -1.880          d              
   _614_                                    _598_                                    237.240         68.870          -9.650          -1.880          d              
   _613_                                    _597_                                    218.080         74.020          -9.650          -1.880          d              
   _616_                                    _600_                                    242.830         68.870          -9.650          -1.880          d              
   _615_                                    _599_                                    221.210         76.080          -9.650          -1.880          d              
   _602_                                    _589_                                    264.170         129.010         -9.630          5.720           b              
   _602_                                    _591_                                    264.170         129.010         -9.630          5.720           b              
   _602_                                    _593_                                    264.170         129.010         -9.630          5.720           b              
   _602_                                    _595_                                    264.170         129.010         -9.630          5.720           b              
   _602_                                    _587_                                    264.170         129.010         -9.630          5.720           b              
   _602_                                    _588_                                    264.170         129.010         -9.630          5.720           b              
   _602_                                    _590_                                    264.170         129.010         -9.630          5.720           b              
   _602_                                    _592_                                    264.170         129.010         -9.630          5.720           b              
   _602_                                    _594_                                    264.170         129.010         -9.630          5.720           b              
   _602_                                    _596_                                    264.170         129.010         -9.630          5.720           b              
   _602_                                    _610_                                    260.510         125.090         -9.780          5.760           b              
   _602_                                    _586_                                    254.230         115.710         -10.770         5.520           b              
   _602_                                    _585_                                    261.210         128.120         -1.950          5.740           b              
   _602_                                    _608_                                    256.260         124.330         -9.760          5.630           b              
   _602_                                    _609_                                    256.260         124.330         -9.760          5.630           b              
   _602_                                    _603_                                    256.250         124.330         -9.760          5.630           b              
   _602_                                    _605_                                    256.250         124.330         -9.760          5.630           b              
   _602_                                    _606_                                    256.250         124.330         -9.760          5.630           b              
   _602_                                    _607_                                    256.250         124.330         -9.760          5.630           b              
   _602_                                    _604_                                    258.120         123.900         -2.100          5.720           b              
   _602_                                    _597_                                    246.980         113.890         -9.650          5.640           b              
   _602_                                    _598_                                    246.980         113.890         -9.650          5.640           b              
   _602_                                    _599_                                    246.980         113.890         -9.650          5.640           b              
   _602_                                    _600_                                    246.980         113.890         -9.650          5.640           b              
   _602_                                    _601_                                    246.980         113.890         -9.650          5.640           b              
   _602_                                    _602_                                    246.980         79.210          -9.650          5.640           b              
   _602_                                    _618_                                    241.770         82.330          -9.760          5.630           b              
   _589_                                    _605_                                    217.760         90.570          -9.760          5.630           b              
   _591_                                    _607_                                    211.440         90.950          -9.760          5.630           b              
   _593_                                    _609_                                    213.540         90.840          -9.760          5.630           b              
   _595_                                    _611_                                    219.020         90.950          -9.760          5.630           b              
   _590_                                    _612_                                    264.520         151.030         -9.760          5.630           b              
   _590_                                    _611_                                    261.130         151.030         -9.760          5.630           b              
   _590_                                    _606_                                    233.380         81.980          -9.760          5.630           b              
   _592_                                    _608_                                    230.070         82.760          -9.760          5.630           b              
   _596_                                    _612_                                    240.650         82.760          -9.760          5.630           b              
   _612_                                    _596_                                    246.540         70.930          -9.630          -1.820          d              
   _611_                                    _595_                                    220.430         76.090          -9.630          -1.820          d              
   _610_                                    _594_                                    236.520         70.930          -9.630          -1.820          d              
   _586_                                    _584_                                    119.230         112.200         -9.650          5.650           c              
   _585_                                    _585_                                    65.320          60.600          -9.390          5.740           c              
   _585_                                    _584_                                    83.610          68.820          -2.350          -1.880          c              
   _608_                                    _592_                                    235.380         70.930          -9.630          -1.820          d              
   _609_                                    _593_                                    215.970         76.090          -2.250          -1.820          d              
   _603_                                    _603_                                    230.180         76.530          -9.760          5.630           d              
   _603_                                    _587_                                    226.410         72.410          -9.630          -1.820          b              
   _605_                                    _589_                                    217.410         76.090          -9.630          -1.820          d              
   _606_                                    _590_                                    232.630         70.930          -9.630          -1.820          d              
   _607_                                    _591_                                    207.900         76.090          -9.630          -1.820          d              
   _604_                                    _588_                                    212.050         73.080          -9.630          -1.820          d              
   _604_                                    _604_                                    210.520         76.530          -9.250          -1.480          b              
   _597_                                    _613_                                    224.950         90.840          -9.760          5.630           b              
   _598_                                    _614_                                    239.930         82.330          -9.760          5.630           b              
   _599_                                    _615_                                    222.300         90.710          -9.760          5.630           b              
   _600_                                    _616_                                    242.530         82.720          -9.760          5.630           b              
   _601_                                    _617_                                    219.890         90.550          -9.760          5.630           b              
   _584_                                    _586_                                    124.980         85.680          -2.980          5.520           d              
{'ss_asap7': <networkx.classes.digraph.DiGraph object at 0x2b256b48d850>, 'ff_asap7': <networkx.classes.digraph.DiGraph object at 0x2b256b48db20>}
TCLK = 500.000ns 不可行，原因：存在无法修复的时序违规，只能降低延时或者增大Tcp:
，Corner ss_asap7, setup违规, 边 ('_602_', '_602_'): 存在setup负环，无法通过delay padding修复

TCLK = 562.500ns 不可行，原因：算法收敛，但仍存在时序违规:
Corner ss_asap7, 边 ('_594_', '_618_'): setup违规 slack=-36.18
Corner ss_asap7, 边 ('_594_', '_617_'): setup违规 slack=-36.18
Corner ss_asap7, 边 ('_594_', '_614_'): setup违规 slack=-32.67
Corner ss_asap7, 边 ('_594_', '_613_'): setup违规 slack=-30.34
Corner ss_asap7, 边 ('_594_', '_616_'): setup违规 slack=-2.22
Corner ss_asap7, 边 ('_594_', '_615_'): setup违规 slack=-0.62

TCLK = 593.750ns 不可行，原因：算法收敛，但仍存在时序违规:
Corner ss_asap7, 边 ('_594_', '_618_'): setup违规 slack=-18.27
Corner ss_asap7, 边 ('_594_', '_617_'): setup违规 slack=-15.82
Corner ss_asap7, 边 ('_594_', '_614_'): setup违规 slack=-9.50
Corner ss_asap7, 边 ('_594_', '_613_'): setup违规 slack=-7.17

TCLK = 609.375ns 不可行，原因：算法收敛，但仍存在时序违规:
Corner ss_asap7, 边 ('_594_', '_618_'): setup违规 slack=-2.64
Corner ss_asap7, 边 ('_594_', '_617_'): setup违规 slack=-0.19

TCLK = 611.328ns 不可行，原因：算法收敛，但仍存在时序违规:
Corner ss_asap7, 边 ('_594_', '_618_'): setup违规 slack=-0.69

TCLK = 611.816ns 不可行，原因：算法收敛，但仍存在时序违规:
Corner ss_asap7, 边 ('_594_', '_618_'): setup违规 slack=-0.20

TCLK = 611.938ns 不可行，原因：算法收敛，但仍存在时序违规:
Corner ss_asap7, 边 ('_594_', '_618_'): setup违规 slack=-0.08

TCLK = 612.000ns 不可行，原因：算法收敛，但仍存在时序违规:
Corner ss_asap7, 边 ('_594_', '_618_'): setup违规 slack=-0.02

结果已保存到 /home/wllpro/llwang07/kxzhu/DelayPadding/gcd_dir/gcd_results.txt
/home/wllpro/llwang07/.local/lib/python3.8/site-packages/cvxpy/reductions/solvers/solving_chain.py:356: FutureWarning: 
    You specified your problem should be solved by ECOS. Starting in
    CXVPY 1.6.0, ECOS will no longer be installed by default with CVXPY.
    Please either add ECOS as an explicit install dependency to your project
    or switch to our new default solver, Clarabel, by either not specifying a
    solver argument or specifying ``solver=cp.CLARABEL``. To suppress this
    warning while continuing to use ECOS, you can filter this warning using
    Python's ``warnings`` module until you are using 1.6.0.
    
  warnings.warn(ECOS_DEP_DEPRECATION_MSG, FutureWarning)
Script /home/wllpro/llwang07/kxzhu/DelayPadding/gcd_dir/path_generate.tcl already exists, skipping generation
config: {'ss_asap7': ['/home/wllpro/llwang07/kxzhu/DelayPadding/platform/asap7sc7p5t_AO_RVT_SS_nldm_211120.lib', '/home/wllpro/llwang07/kxzhu/DelayPadding/platform/asap7sc7p5t_INVBUF_RVT_SS_nldm_220122.lib', '/home/wllpro/llwang07/kxzhu/DelayPadding/platform/asap7sc7p5t_OA_RVT_SS_nldm_211120.lib', '/home/wllpro/llwang07/kxzhu/DelayPadding/platform/asap7sc7p5t_SEQ_RVT_SS_nldm_220123.lib', '/home/wllpro/llwang07/kxzhu/DelayPadding/platform/asap7sc7p5t_SIMPLE_RVT_SS_nldm_211120.lib'], 'ff_asap7': ['/home/wllpro/llwang07/kxzhu/DelayPadding/platform/asap7sc7p5t_AO_RVT_FF_nldm_211120.lib', '/home/wllpro/llwang07/kxzhu/DelayPadding/platform/asap7sc7p5t_INVBUF_RVT_FF_nldm_220122.lib', '/home/wllpro/llwang07/kxzhu/DelayPadding/platform/asap7sc7p5t_OA_RVT_FF_nldm_211120.lib', '/home/wllpro/llwang07/kxzhu/DelayPadding/platform/asap7sc7p5t_SEQ_RVT_FF_nldm_220123.lib', '/home/wllpro/llwang07/kxzhu/DelayPadding/platform/asap7sc7p5t_SIMPLE_RVT_FF_nldm_211120.lib']}
运行OpenSTA
开始解析timing report: /home/wllpro/llwang07/kxzhu/DelayPadding/gcd_dir/timing_ss_asap7_max.rpt 和 /home/wllpro/llwang07/kxzhu/DelayPadding/gcd_dir/timing_ss_asap7_min.rpt
运行OpenSTA
开始解析timing report: /home/wllpro/llwang07/kxzhu/DelayPadding/gcd_dir/timing_ff_asap7_max.rpt 和 /home/wllpro/llwang07/kxzhu/DelayPadding/gcd_dir/timing_ff_asap7_min.rpt

==================================================
工艺角 ss_asap7 的图信息:
==================================================

1. 基本统计信息:
   - 寄存器总数: 35
   - 时序路径总数: 70

2. 边类型分布统计:
   - 类型 a: 0 条
   - 类型 b: 50 条
   - 类型 c: 3 条
   - 类型 d: 17 条
   - 类型 N/A: 0 条
边类型明细已写入: /home/wllpro/llwang07/kxzhu/DelayPadding/gcd_dir/edge_type_stat_ss_asap7.txt
   _594_                                    _618_                                    593.930         248.370         -18.090         13.750          b              
   _594_                                    _617_                                    591.480         248.380         -18.090         13.750          b              
   _594_                                    _614_                                    585.160         248.370         -18.090         13.750          b              
   _594_                                    _613_                                    582.830         248.380         -18.090         13.750          b              
   _594_                                    _616_                                    554.710         248.370         -18.090         13.750          b              
   _594_                                    _615_                                    553.110         248.380         -18.090         13.750          b              
   _594_                                    _610_                                    463.710         172.030         -18.420         15.160          b              
   _618_                                    _602_                                    470.270         141.140         -18.180         -1.820          d              
   _617_                                    _601_                                    425.320         149.970         -18.180         -1.820          d              
   _614_                                    _598_                                    462.880         141.140         -18.180         -1.820          d              
   _613_                                    _597_                                    430.930         149.970         -18.180         -1.820          d              
   _616_                                    _600_                                    466.420         141.140         -18.180         -1.820          d              
   _615_                                    _599_                                    430.050         153.450         -18.180         -1.820          d              
   _602_                                    _589_                                    520.450         255.690         -18.490         13.890          b              
   _602_                                    _591_                                    520.450         255.690         -18.490         13.890          b              
   _602_                                    _593_                                    520.450         255.690         -18.490         13.890          b              
   _602_                                    _595_                                    520.450         255.690         -18.490         13.890          b              
   _602_                                    _587_                                    520.440         255.690         -18.490         13.890          b              
   _602_                                    _588_                                    520.440         255.690         -18.490         13.890          b              
   _602_                                    _590_                                    520.440         255.690         -18.490         13.890          b              
   _602_                                    _592_                                    520.440         255.690         -18.490         13.890          b              
   _602_                                    _594_                                    520.440         255.690         -18.490         13.890          b              
   _602_                                    _596_                                    520.440         255.690         -18.490         13.890          b              
   _602_                                    _610_                                    498.740         251.050         -18.420         15.160          b              
   _602_                                    _586_                                    494.050         239.350         -22.540         12.330          b              
   _602_                                    _585_                                    507.980         258.940         -3.360          13.960          b              
   _602_                                    _608_                                    490.630         249.970         -18.090         13.750          b              
   _602_                                    _609_                                    490.630         249.970         -18.090         13.750          b              
   _602_                                    _603_                                    490.610         249.960         -18.090         13.750          b              
   _602_                                    _605_                                    490.610         249.970         -18.090         13.750          b              
   _602_                                    _606_                                    490.610         249.970         -18.090         13.750          b              
   _602_                                    _607_                                    490.610         249.970         -18.090         13.750          b              
   _602_                                    _604_                                    497.880         247.710         -3.740          13.860          b              
   _602_                                    _597_                                    482.950         226.360         -18.180         13.460          b              
   _602_                                    _598_                                    482.950         226.360         -18.180         13.460          b              
   _602_                                    _599_                                    482.950         226.360         -18.180         13.460          b              
   _602_                                    _600_                                    482.950         226.360         -18.180         13.460          b              
   _602_                                    _601_                                    482.950         226.360         -18.180         13.460          b              
   _602_                                    _602_                                    482.950         168.170         -18.180         13.460          b              
   _602_                                    _618_                                    460.790         170.080         -18.090         13.750          b              
   _589_                                    _605_                                    434.550         183.480         -18.090         13.750          b              
   _591_                                    _607_                                    419.590         184.200         -18.090         13.750          b              
   _593_                                    _609_                                    422.660         183.880         -18.090         13.750          b              
   _595_                                    _611_                                    427.580         184.270         -18.090         13.750          b              
   _590_                                    _612_                                    515.570         303.440         -18.090         13.750          b              
   _590_                                    _611_                                    513.230         303.440         -18.090         13.750          b              
   _590_                                    _606_                                    454.430         169.500         -18.090         13.750          b              
   _592_                                    _608_                                    453.400         170.600         -18.090         13.750          b              
   _596_                                    _612_                                    472.310         170.600         -18.090         13.750          b              
   _612_                                    _596_                                    480.540         146.150         -18.490         -1.860          d              
   _611_                                    _595_                                    436.600         154.980         -18.490         -1.860          d              
   _610_                                    _594_                                    472.420         146.150         -18.490         -1.860          d              
   _586_                                    _584_                                    251.420         225.150         -18.160         13.470          c              
   _585_                                    _585_                                    136.020         129.820         -17.280         13.960          c              
   _585_                                    _584_                                    176.520         143.260         -4.850          -1.820          c              
   _608_                                    _592_                                    470.420         146.150         -18.490         -1.860          d              
   _609_                                    _593_                                    429.880         154.980         -18.490         -1.860          d              
   _603_                                    _603_                                    449.630         159.140         -18.090         13.750          d              
   _603_                                    _587_                                    466.350         150.630         -18.490         -1.860          b              
   _605_                                    _589_                                    443.730         154.980         -18.490         -1.860          d              
   _606_                                    _590_                                    466.290         146.150         -18.490         -1.860          d              
   _607_                                    _591_                                    428.310         154.980         -18.490         -1.860          d              
   _604_                                    _588_                                    443.040         149.770         -18.490         -1.860          d              
   _604_                                    _604_                                    410.390         156.270         -16.490         -0.430          b              
   _597_                                    _613_                                    447.090         183.890         -18.090         13.750          b              
   _598_                                    _614_                                    470.610         170.100         -18.090         13.750          b              
   _599_                                    _615_                                    435.410         182.350         -18.090         13.750          b              
   _600_                                    _616_                                    468.030         170.560         -18.090         13.750          b              
   _601_                                    _617_                                    424.770         183.490         -18.090         13.750          b              
   _584_                                    _586_                                    266.250         183.750         -4.790          12.330          d              

==================================================
工艺角 ff_asap7 的图信息:
==================================================

1. 基本统计信息:
   - 寄存器总数: 35
   - 时序路径总数: 70

2. 边类型分布统计:
   - 类型 a: 0 条
   - 类型 b: 50 条
   - 类型 c: 3 条
   - 类型 d: 17 条
   - 类型 N/A: 0 条
边类型明细已写入: /home/wllpro/llwang07/kxzhu/DelayPadding/gcd_dir/edge_type_stat_ff_asap7.txt
   _594_                                    _618_                                    300.530         125.830         -9.760          5.630           b              
   _594_                                    _617_                                    297.090         125.830         -9.760          5.630           b              
   _594_                                    _614_                                    298.020         125.830         -9.760          5.630           b              
   _594_                                    _613_                                    294.630         125.830         -9.760          5.630           b              
   _594_                                    _616_                                    281.920         125.830         -9.760          5.630           b              
   _594_                                    _615_                                    278.790         125.830         -9.760          5.630           b              
   _594_                                    _610_                                    235.560         83.690          -9.780          5.760           b              
   _618_                                    _602_                                    244.610         68.870          -9.650          -1.880          d              
   _617_                                    _601_                                    218.280         74.020          -9.650          -1.880          d              
   _614_                                    _598_                                    237.240         68.870          -9.650          -1.880          d              
   _613_                                    _597_                                    218.080         74.020          -9.650          -1.880          d              
   _616_                                    _600_                                    242.830         68.870          -9.650          -1.880          d              
   _615_                                    _599_                                    221.210         76.080          -9.650          -1.880          d              
   _602_                                    _589_                                    264.170         129.010         -9.630          5.720           b              
   _602_                                    _591_                                    264.170         129.010         -9.630          5.720           b              
   _602_                                    _593_                                    264.170         129.010         -9.630          5.720           b              
   _602_                                    _595_                                    264.170         129.010         -9.630          5.720           b              
   _602_                                    _587_                                    264.170         129.010         -9.630          5.720           b              
   _602_                                    _588_                                    264.170         129.010         -9.630          5.720           b              
   _602_                                    _590_                                    264.170         129.010         -9.630          5.720           b              
   _602_                                    _592_                                    264.170         129.010         -9.630          5.720           b              
   _602_                                    _594_                                    264.170         129.010         -9.630          5.720           b              
   _602_                                    _596_                                    264.170         129.010         -9.630          5.720           b              
   _602_                                    _610_                                    260.510         125.090         -9.780          5.760           b              
   _602_                                    _586_                                    254.230         115.710         -10.770         5.520           b              
   _602_                                    _585_                                    261.210         128.120         -1.950          5.740           b              
   _602_                                    _608_                                    256.260         124.330         -9.760          5.630           b              
   _602_                                    _609_                                    256.260         124.330         -9.760          5.630           b              
   _602_                                    _603_                                    256.250         124.330         -9.760          5.630           b              
   _602_                                    _605_                                    256.250         124.330         -9.760          5.630           b              
   _602_                                    _606_                                    256.250         124.330         -9.760          5.630           b              
   _602_                                    _607_                                    256.250         124.330         -9.760          5.630           b              
   _602_                                    _604_                                    258.120         123.900         -2.100          5.720           b              
   _602_                                    _597_                                    246.980         113.890         -9.650          5.640           b              
   _602_                                    _598_                                    246.980         113.890         -9.650          5.640           b              
   _602_                                    _599_                                    246.980         113.890         -9.650          5.640           b              
   _602_                                    _600_                                    246.980         113.890         -9.650          5.640           b              
   _602_                                    _601_                                    246.980         113.890         -9.650          5.640           b              
   _602_                                    _602_                                    246.980         79.210          -9.650          5.640           b              
   _602_                                    _618_                                    241.770         82.330          -9.760          5.630           b              
   _589_                                    _605_                                    217.760         90.570          -9.760          5.630           b              
   _591_                                    _607_                                    211.440         90.950          -9.760          5.630           b              
   _593_                                    _609_                                    213.540         90.840          -9.760          5.630           b              
   _595_                                    _611_                                    219.020         90.950          -9.760          5.630           b              
   _590_                                    _612_                                    264.520         151.030         -9.760          5.630           b              
   _590_                                    _611_                                    261.130         151.030         -9.760          5.630           b              
   _590_                                    _606_                                    233.380         81.980          -9.760          5.630           b              
   _592_                                    _608_                                    230.070         82.760          -9.760          5.630           b              
   _596_                                    _612_                                    240.650         82.760          -9.760          5.630           b              
   _612_                                    _596_                                    246.540         70.930          -9.630          -1.820          d              
   _611_                                    _595_                                    220.430         76.090          -9.630          -1.820          d              
   _610_                                    _594_                                    236.520         70.930          -9.630          -1.820          d              
   _586_                                    _584_                                    119.230         112.200         -9.650          5.650           c              
   _585_                                    _585_                                    65.320          60.600          -9.390          5.740           c              
   _585_                                    _584_                                    83.610          68.820          -2.350          -1.880          c              
   _608_                                    _592_                                    235.380         70.930          -9.630          -1.820          d              
   _609_                                    _593_                                    215.970         76.090          -2.250          -1.820          d              
   _603_                                    _603_                                    230.180         76.530          -9.760          5.630           d              
   _603_                                    _587_                                    226.410         72.410          -9.630          -1.820          b              
   _605_                                    _589_                                    217.410         76.090          -9.630          -1.820          d              
   _606_                                    _590_                                    232.630         70.930          -9.630          -1.820          d              
   _607_                                    _591_                                    207.900         76.090          -9.630          -1.820          d              
   _604_                                    _588_                                    212.050         73.080          -9.630          -1.820          d              
   _604_                                    _604_                                    210.520         76.530          -9.250          -1.480          b              
   _597_                                    _613_                                    224.950         90.840          -9.760          5.630           b              
   _598_                                    _614_                                    239.930         82.330          -9.760          5.630           b              
   _599_                                    _615_                                    222.300         90.710          -9.760          5.630           b              
   _600_                                    _616_                                    242.530         82.720          -9.760          5.630           b              
   _601_                                    _617_                                    219.890         90.550          -9.760          5.630           b              
   _584_                                    _586_                                    124.980         85.680          -2.980          5.520           d              
{'ss_asap7': <networkx.classes.digraph.DiGraph object at 0x2abab4ec2850>, 'ff_asap7': <networkx.classes.digraph.DiGraph object at 0x2abab4ec2b20>}
TCLK = 500.000ns 不可行，原因：存在无法修复的时序违规，只能降低延时或者增大Tcp:
，Corner ss_asap7, setup违规, 边 ('_602_', '_602_'): 存在setup负环，无法通过delay padding修复

TCLK = 531.250ns 不可行，原因：存在无法修复的时序违规，只能降低延时或者增大Tcp:
，Corner ss_asap7, setup违规, 边 ('_618_', '_594_', '_602_', '_618_'): 存在setup负环，无法通过delay padding修复

TCLK = 539.062ns 不可行，原因：存在无法修复的时序违规，只能降低延时或者增大Tcp:
，Corner ss_asap7, setup违规, 边 ('_618_', '_594_', '_602_', '_618_'): 存在setup负环，无法通过delay padding修复

TCLK = 542.969ns 不可行，原因：存在无法修复的时序违规，只能降低延时或者增大Tcp:
，Corner ss_asap7, setup违规, 边 ('_618_', '_594_', '_602_', '_618_'): 存在setup负环，无法通过delay padding修复

TCLK = 544.922ns 不可行，原因：存在无法修复的时序违规，只能降低延时或者增大Tcp:
，Corner ss_asap7, setup违规, 边 ('_618_', '_594_', '_602_', '_618_'): 存在setup负环，无法通过delay padding修复

TCLK = 545.898ns 不可行，原因：存在无法修复的时序违规，只能降低延时或者增大Tcp:
，Corner ss_asap7, setup违规, 边 ('_618_', '_594_', '_602_', '_618_'): 存在setup负环，无法通过delay padding修复

TCLK = 546.387ns 不可行，原因：存在无法修复的时序违规，只能降低延时或者增大Tcp:
，Corner ss_asap7, setup违规, 边 ('_618_', '_594_', '_602_', '_618_'): 存在setup负环，无法通过delay padding修复

TCLK = 546.448ns 不可行，原因：存在无法修复的时序违规，只能降低延时或者增大Tcp:
，Corner ss_asap7, setup违规, 边 ('_618_', '_594_', '_602_', '_618_'): 存在setup负环，无法通过delay padding修复

结果已保存到 /home/wllpro/llwang07/kxzhu/DelayPadding/gcd_dir/gcd_results.txt
