Startpoint: _10597_ (falling edge-triggered flip-flop clocked by clk')
Endpoint: _10780_ (falling edge-triggered flip-flop clocked by clk')
Path Group: clk
Path Type: max

  Delay    Time   Description
---------------------------------------------------------
   0.00    0.00   clock clk' (fall edge)
   0.00    0.00   clock network delay (ideal)
   0.00    0.00 v _10597_/CLK (DFFLQNx2_ASAP7_75t_R)
 148.99  148.99 ^ _10597_/QN (DFFLQNx2_ASAP7_75t_R)
  49.59  198.58 v _05507_/Y (CKINVDCx20_ASAP7_75t_R)
  84.44  283.02 v _05555_/Y (OR3x4_ASAP7_75t_R)
  81.06  364.08 v _05556_/Y (AND2x6_ASAP7_75t_R)
  39.33  403.40 ^ _05688_/Y (CKINVDCx20_ASAP7_75t_R)
  41.56  444.97 ^ _10206_/Y (OR3x4_ASAP7_75t_R)
  19.59  464.56 v _10207_/Y (NAND2x2_ASAP7_75t_R)
  34.78  499.35 v _10220_/Y (AO21x1_ASAP7_75t_R)
  51.51  550.85 v _10221_/Y (OA211x2_ASAP7_75t_R)
   0.00  550.85 v _10780_/D (DFFLQNx2_ASAP7_75t_R)
         550.85   data arrival time

  10.00   10.00   clock clk' (fall edge)
   0.00   10.00   clock network delay (ideal)
   0.00   10.00   clock reconvergence pessimism
          10.00 v _10780_/CLK (DFFLQNx2_ASAP7_75t_R)
 -18.79   -8.79   library setup time
          -8.79   data required time
---------------------------------------------------------
          -8.79   data required time
        -550.85   data arrival time
---------------------------------------------------------
        -559.64   slack (VIOLATED)


Startpoint: _10597_ (falling edge-triggered flip-flop clocked by clk')
Endpoint: _10777_ (falling edge-triggered flip-flop clocked by clk')
Path Group: clk
Path Type: max

  Delay    Time   Description
---------------------------------------------------------
   0.00    0.00   clock clk' (fall edge)
   0.00    0.00   clock network delay (ideal)
   0.00    0.00 v _10597_/CLK (DFFLQNx2_ASAP7_75t_R)
 148.99  148.99 ^ _10597_/QN (DFFLQNx2_ASAP7_75t_R)
  49.59  198.58 v _05507_/Y (CKINVDCx20_ASAP7_75t_R)
  84.44  283.02 v _05555_/Y (OR3x4_ASAP7_75t_R)
  81.06  364.08 v _05556_/Y (AND2x6_ASAP7_75t_R)
  39.33  403.40 ^ _05688_/Y (CKINVDCx20_ASAP7_75t_R)
  41.56  444.97 ^ _10206_/Y (OR3x4_ASAP7_75t_R)
  19.59  464.56 v _10207_/Y (NAND2x2_ASAP7_75t_R)
  34.78  499.35 v _10214_/Y (AO21x1_ASAP7_75t_R)
  51.51  550.85 v _10215_/Y (OA211x2_ASAP7_75t_R)
   0.00  550.85 v _10777_/D (DFFLQNx3_ASAP7_75t_R)
         550.85   data arrival time

  10.00   10.00   clock clk' (fall edge)
   0.00   10.00   clock network delay (ideal)
   0.00   10.00   clock reconvergence pessimism
          10.00 v _10777_/CLK (DFFLQNx3_ASAP7_75t_R)
 -18.79   -8.79   library setup time
          -8.79   data required time
---------------------------------------------------------
          -8.79   data required time
        -550.85   data arrival time
---------------------------------------------------------
        -559.65   slack (VIOLATED)


Startpoint: _10597_ (falling edge-triggered flip-flop clocked by clk')
Endpoint: _10774_ (falling edge-triggered flip-flop clocked by clk')
Path Group: clk
Path Type: max

  Delay    Time   Description
---------------------------------------------------------
   0.00    0.00   clock clk' (fall edge)
   0.00    0.00   clock network delay (ideal)
   0.00    0.00 v _10597_/CLK (DFFLQNx2_ASAP7_75t_R)
 148.99  148.99 ^ _10597_/QN (DFFLQNx2_ASAP7_75t_R)
  49.59  198.58 v _05507_/Y (CKINVDCx20_ASAP7_75t_R)
  84.44  283.02 v _05555_/Y (OR3x4_ASAP7_75t_R)
  81.06  364.08 v _05556_/Y (AND2x6_ASAP7_75t_R)
  39.33  403.40 ^ _05688_/Y (CKINVDCx20_ASAP7_75t_R)
  41.56  444.97 ^ _10206_/Y (OR3x4_ASAP7_75t_R)
  19.59  464.56 v _10207_/Y (NAND2x2_ASAP7_75t_R)
  34.78  499.35 v _10208_/Y (AO21x1_ASAP7_75t_R)
  51.51  550.85 v _10209_/Y (OA211x2_ASAP7_75t_R)
   0.00  550.85 v _10774_/D (DFFLQNx3_ASAP7_75t_R)
         550.85   data arrival time

  10.00   10.00   clock clk' (fall edge)
   0.00   10.00   clock network delay (ideal)
   0.00   10.00   clock reconvergence pessimism
          10.00 v _10774_/CLK (DFFLQNx3_ASAP7_75t_R)
 -18.79   -8.79   library setup time
          -8.79   data required time
---------------------------------------------------------
          -8.79   data required time
        -550.85   data arrival time
---------------------------------------------------------
        -559.65   slack (VIOLATED)


Startpoint: _10775_ (falling edge-triggered flip-flop clocked by clk')
Endpoint: _10892_ (falling edge-triggered flip-flop clocked by clk')
Path Group: clk
Path Type: max

  Delay    Time   Description
---------------------------------------------------------
   0.00    0.00   clock clk' (fall edge)
   0.00    0.00   clock network delay (ideal)
   0.00    0.00 v _10775_/CLK (DFFLQNx3_ASAP7_75t_R)
 151.64  151.64 v _10775_/QN (DFFLQNx3_ASAP7_75t_R)
  36.95  188.59 ^ _05514_/Y (INVx8_ASAP7_75t_R)
  40.84  229.43 v _05515_/Y (NOR2x2_ASAP7_75t_R)
  41.31  270.75 v rebuffer388/Y (BUFx6f_ASAP7_75t_R)
  34.15  304.90 ^ _05539_/Y (NAND2x2_ASAP7_75t_R)
  48.06  352.96 ^ _05544_/Y (OR3x4_ASAP7_75t_R)
  20.43  373.40 v _05545_/Y (NOR2x2_ASAP7_75t_R)
  37.34  410.74 ^ _06782_/Y (INVx1_ASAP7_75t_R)
  56.96  467.69 v _10480_/CON (HAxp5_ASAP7_75t_R)
  44.16  511.85 v _05560_/Y (AND3x1_ASAP7_75t_R)
  32.79  544.64 v _05647_/Y (AND5x1_ASAP7_75t_R)
  66.93  611.56 v _05653_/Y (OR5x1_ASAP7_75t_R)
   0.00  611.56 v _10892_/D (DFFLQNx2_ASAP7_75t_R)
         611.56   data arrival time

  10.00   10.00   clock clk' (fall edge)
   0.00   10.00   clock network delay (ideal)
   0.00   10.00   clock reconvergence pessimism
          10.00 v _10892_/CLK (DFFLQNx2_ASAP7_75t_R)
 -20.16  -10.16   library setup time
         -10.16   data required time
---------------------------------------------------------
         -10.16   data required time
        -611.56   data arrival time
---------------------------------------------------------
        -621.72   slack (VIOLATED)


Startpoint: _10597_ (falling edge-triggered flip-flop clocked by clk')
Endpoint: _10778_ (falling edge-triggered flip-flop clocked by clk')
Path Group: clk
Path Type: max

  Delay    Time   Description
---------------------------------------------------------
   0.00    0.00   clock clk' (fall edge)
   0.00    0.00   clock network delay (ideal)
   0.00    0.00 v _10597_/CLK (DFFLQNx2_ASAP7_75t_R)
 148.99  148.99 ^ _10597_/QN (DFFLQNx2_ASAP7_75t_R)
  49.59  198.58 v _05507_/Y (CKINVDCx20_ASAP7_75t_R)
  84.44  283.02 v _05555_/Y (OR3x4_ASAP7_75t_R)
  81.06  364.08 v _05556_/Y (AND2x6_ASAP7_75t_R)
  39.33  403.40 ^ _05688_/Y (CKINVDCx20_ASAP7_75t_R)
  41.56  444.97 ^ _10206_/Y (OR3x4_ASAP7_75t_R)
  19.59  464.56 v _10207_/Y (NAND2x2_ASAP7_75t_R)
  34.78  499.35 v _10216_/Y (AO21x1_ASAP7_75t_R)
  51.51  550.85 v _10217_/Y (OA211x2_ASAP7_75t_R)
   0.00  550.85 v _10778_/D (DFFLQNx3_ASAP7_75t_R)
         550.85   data arrival time

  10.00   10.00   clock clk' (fall edge)
   0.00   10.00   clock network delay (ideal)
   0.00   10.00   clock reconvergence pessimism
          10.00 v _10778_/CLK (DFFLQNx3_ASAP7_75t_R)
 -18.79   -8.79   library setup time
          -8.79   data required time
---------------------------------------------------------
          -8.79   data required time
        -550.85   data arrival time
---------------------------------------------------------
        -559.65   slack (VIOLATED)


Startpoint: _10677_ (falling edge-triggered flip-flop clocked by clk')
Endpoint: _10677_ (falling edge-triggered flip-flop clocked by clk')
Path Group: clk
Path Type: max

  Delay    Time   Description
---------------------------------------------------------
   0.00    0.00   clock clk' (fall edge)
   0.00    0.00   clock network delay (ideal)
   0.00    0.00 v _10677_/CLK (DFFLQNx2_ASAP7_75t_R)
 123.76  123.76 v _10677_/QN (DFFLQNx2_ASAP7_75t_R)
  24.94  148.70 ^ _05705_/Y (INVx6_ASAP7_75t_R)
  40.57  189.26 ^ _06242_/Y (AND3x4_ASAP7_75t_R)
  36.78  226.05 ^ _06243_/Y (XOR2x1_ASAP7_75t_R)
  47.94  273.99 v _10448_/CON (FAx1_ASAP7_75t_R)
  46.06  320.05 ^ _10449_/CON (FAx1_ASAP7_75t_R)
  42.70  362.75 ^ rebuffer961/Y (BUFx3_ASAP7_75t_R)
  14.29  377.04 v _06820_/Y (OAI21x1_ASAP7_75t_R)
  46.37  423.41 v _06822_/Y (AO21x2_ASAP7_75t_R)
  33.09  456.49 ^ _10453_/CON (FAx1_ASAP7_75t_R)
  28.59  485.09 v _06823_/Y (INVx1_ASAP7_75t_R)
  34.61  519.70 ^ _10455_/CON (FAx1_ASAP7_75t_R)
  28.59  548.29 v _06825_/Y (INVx1_ASAP7_75t_R)
  33.67  581.96 ^ _10456_/CON (FAx1_ASAP7_75t_R)
  35.71  617.67 ^ split970/Y (BUFx2_ASAP7_75t_R)
  11.69  629.36 v _06827_/Y (INVx1_ASAP7_75t_R)
  30.64  660.00 ^ _10458_/CON (FAx1_ASAP7_75t_R)
  35.11  695.11 ^ split956/Y (BUFx2_ASAP7_75t_R)
  23.21  718.32 ^ rebuffer957/Y (BUFx3_ASAP7_75t_R)
  12.68  730.99 v _09278_/Y (AOI21x1_ASAP7_75t_R)
  33.32  764.32 v _09279_/Y (AO21x1_ASAP7_75t_R)
  35.20  799.51 v _09288_/Y (OA21x2_ASAP7_75t_R)
  26.21  825.72 v _09289_/Y (OA21x2_ASAP7_75t_R)
  18.91  844.63 ^ _09292_/Y (AOI21x1_ASAP7_75t_R)
  18.01  862.64 v _09313_/Y (NAND2x1_ASAP7_75t_R)
  20.50  883.14 ^ _09318_/Y (AOI22x1_ASAP7_75t_R)
   0.00  883.14 ^ _10677_/D (DFFLQNx2_ASAP7_75t_R)
         883.14   data arrival time

  10.00   10.00   clock clk' (fall edge)
   0.00   10.00   clock network delay (ideal)
   0.00   10.00   clock reconvergence pessimism
          10.00 v _10677_/CLK (DFFLQNx2_ASAP7_75t_R)
  -8.90    1.10   library setup time
           1.10   data required time
---------------------------------------------------------
           1.10   data required time
        -883.14   data arrival time
---------------------------------------------------------
        -882.04   slack (VIOLATED)


Startpoint: _10779_ (falling edge-triggered flip-flop clocked by clk')
Endpoint: _10597_ (falling edge-triggered flip-flop clocked by clk')
Path Group: clk
Path Type: max

  Delay    Time   Description
---------------------------------------------------------
   0.00    0.00   clock clk' (fall edge)
   0.00    0.00   clock network delay (ideal)
   0.00    0.00 v _10779_/CLK (DFFLQNx3_ASAP7_75t_R)
 125.83  125.83 v _10779_/QN (DFFLQNx3_ASAP7_75t_R)
  55.42  181.25 v rebuffer383/Y (BUFx2_ASAP7_75t_R)
  37.60  218.85 ^ _05712_/Y (NOR2x2_ASAP7_75t_R)
  40.99  259.84 v _05759_/Y (NAND2x2_ASAP7_75t_R)
  46.59  306.43 ^ _05872_/Y (OAI22x1_ASAP7_75t_R)
  39.88  346.31 v _05874_/Y (NOR2x2_ASAP7_75t_R)
  45.95  392.25 v _08572_/Y (AND3x4_ASAP7_75t_R)
  22.76  415.02 v _08573_/Y (AND4x1_ASAP7_75t_R)
  52.03  467.05 v _08574_/Y (OA211x2_ASAP7_75t_R)
  20.58  487.62 ^ _08580_/Y (OAI21x1_ASAP7_75t_R)
  19.66  507.28 v _08581_/Y (NAND2x1_ASAP7_75t_R)
  84.48  591.76 v _08585_/Y (OR3x4_ASAP7_75t_R)
  29.06  620.82 ^ _08606_/Y (NAND2x2_ASAP7_75t_R)
  43.53  664.35 ^ rebuffer1225/Y (BUFx6f_ASAP7_75t_R)
  30.82  695.17 ^ rebuffer1226/Y (BUFx6f_ASAP7_75t_R)
  11.52  706.69 v _08608_/Y (AOI21x1_ASAP7_75t_R)
  52.66  759.35 v _08609_/Y (AO21x2_ASAP7_75t_R)
  35.25  794.60 v _08622_/Y (AO21x1_ASAP7_75t_R)
  28.64  823.24 v _08623_/Y (AND2x2_ASAP7_75t_R)
   0.00  823.24 v _10597_/D (DFFLQNx2_ASAP7_75t_R)
         823.24   data arrival time

  10.00   10.00   clock clk' (fall edge)
   0.00   10.00   clock network delay (ideal)
   0.00   10.00   clock reconvergence pessimism
          10.00 v _10597_/CLK (DFFLQNx2_ASAP7_75t_R)
 -17.06   -7.06   library setup time
          -7.06   data required time
---------------------------------------------------------
          -7.06   data required time
        -823.24   data arrival time
---------------------------------------------------------
        -830.30   slack (VIOLATED)


Startpoint: _10597_ (falling edge-triggered flip-flop clocked by clk')
Endpoint: _10781_ (falling edge-triggered flip-flop clocked by clk')
Path Group: clk
Path Type: max

  Delay    Time   Description
---------------------------------------------------------
   0.00    0.00   clock clk' (fall edge)
   0.00    0.00   clock network delay (ideal)
   0.00    0.00 v _10597_/CLK (DFFLQNx2_ASAP7_75t_R)
 148.99  148.99 ^ _10597_/QN (DFFLQNx2_ASAP7_75t_R)
  49.59  198.58 v _05507_/Y (CKINVDCx20_ASAP7_75t_R)
  84.44  283.02 v _05555_/Y (OR3x4_ASAP7_75t_R)
  81.06  364.08 v _05556_/Y (AND2x6_ASAP7_75t_R)
  39.33  403.40 ^ _05688_/Y (CKINVDCx20_ASAP7_75t_R)
  41.56  444.97 ^ _10206_/Y (OR3x4_ASAP7_75t_R)
  19.59  464.56 v _10207_/Y (NAND2x2_ASAP7_75t_R)
  34.78  499.35 v _10222_/Y (AO21x1_ASAP7_75t_R)
  51.51  550.85 v _10223_/Y (OA211x2_ASAP7_75t_R)
   0.00  550.85 v _10781_/D (DFFLQNx2_ASAP7_75t_R)
         550.85   data arrival time

  10.00   10.00   clock clk' (fall edge)
   0.00   10.00   clock network delay (ideal)
   0.00   10.00   clock reconvergence pessimism
          10.00 v _10781_/CLK (DFFLQNx2_ASAP7_75t_R)
 -18.79   -8.79   library setup time
          -8.79   data required time
---------------------------------------------------------
          -8.79   data required time
        -550.85   data arrival time
---------------------------------------------------------
        -559.64   slack (VIOLATED)


Startpoint: _10623_ (falling edge-triggered flip-flop clocked by clk')
Endpoint: _10623_ (falling edge-triggered flip-flop clocked by clk')
Path Group: clk
Path Type: max

  Delay    Time   Description
---------------------------------------------------------
   0.00    0.00   clock clk' (fall edge)
   0.00    0.00   clock network delay (ideal)
   0.00    0.00 v _10623_/CLK (DFFLQNx3_ASAP7_75t_R)
  84.81   84.81 ^ _10623_/QN (DFFLQNx3_ASAP7_75t_R)
  17.80  102.61 v _08779_/Y (INVx1_ASAP7_75t_R)
  48.09  150.70 v _08785_/Y (OA211x2_ASAP7_75t_R)
   0.00  150.70 v _10623_/D (DFFLQNx3_ASAP7_75t_R)
         150.70   data arrival time

  10.00   10.00   clock clk' (fall edge)
   0.00   10.00   clock network delay (ideal)
   0.00   10.00   clock reconvergence pessimism
          10.00 v _10623_/CLK (DFFLQNx3_ASAP7_75t_R)
 -18.79   -8.79   library setup time
          -8.79   data required time
---------------------------------------------------------
          -8.79   data required time
        -150.70   data arrival time
---------------------------------------------------------
        -159.49   slack (VIOLATED)


Startpoint: _10775_ (falling edge-triggered flip-flop clocked by clk')
Endpoint: _10638_ (falling edge-triggered flip-flop clocked by clk')
Path Group: clk
Path Type: max

  Delay    Time   Description
---------------------------------------------------------
   0.00    0.00   clock clk' (fall edge)
   0.00    0.00   clock network delay (ideal)
   0.00    0.00 v _10775_/CLK (DFFLQNx3_ASAP7_75t_R)
 151.64  151.64 v _10775_/QN (DFFLQNx3_ASAP7_75t_R)
  70.15  221.79 ^ _05526_/Y (NOR2x2_ASAP7_75t_R)
  48.05  269.85 v _05529_/Y (NAND2x2_ASAP7_75t_R)
  61.79  331.64 ^ _05888_/Y (OAI22x1_ASAP7_75t_R)
  33.46  365.09 v _05889_/Y (NOR2x2_ASAP7_75t_R)
  26.60  391.69 ^ _05890_/Y (NAND2x1_ASAP7_75t_R)
  18.80  410.50 v _05901_/Y (NOR2x1_ASAP7_75t_R)
  28.35  438.85 ^ _05902_/Y (NAND2x1_ASAP7_75t_R)
  20.22  459.07 v _05937_/Y (NOR2x2_ASAP7_75t_R)
  42.43  501.50 ^ _05938_/Y (AOI21x1_ASAP7_75t_R)
  38.24  539.74 v _05999_/Y (AOI21x1_ASAP7_75t_R)
  39.72  579.46 ^ _06004_/Y (AOI21x1_ASAP7_75t_R)
  37.75  617.21 ^ rebuffer413/Y (BUFx3_ASAP7_75t_R)
  38.49  655.70 v _06037_/Y (OAI21x1_ASAP7_75t_R)
  47.59  703.30 v load_slew73/Y (BUFx16f_ASAP7_75t_R)
  37.08  740.38 v max_cap72/Y (BUFx16f_ASAP7_75t_R)
  29.75  770.13 v rebuffer458/Y (BUFx6f_ASAP7_75t_R)
  14.25  784.38 ^ _06211_/Y (NAND2x2_ASAP7_75t_R)
  30.71  815.08 ^ _06212_/Y (AO21x1_ASAP7_75t_R)
  21.86  836.94 v _06218_/Y (AOI21x1_ASAP7_75t_R)
  19.13  856.08 ^ _06219_/Y (NOR2x2_ASAP7_75t_R)
  26.97  883.04 ^ rebuffer636/Y (BUFx3_ASAP7_75t_R)
  13.92  896.97 v _07753_/Y (AOI21x1_ASAP7_75t_R)
  20.58  917.55 ^ _07758_/Y (AOI21x1_ASAP7_75t_R)
  15.17  932.72 v _07760_/Y (OAI21x1_ASAP7_75t_R)
   0.00  932.72 v _10638_/D (DFFLQNx2_ASAP7_75t_R)
         932.72   data arrival time

  10.00   10.00   clock clk' (fall edge)
   0.00   10.00   clock network delay (ideal)
   0.00   10.00   clock reconvergence pessimism
          10.00 v _10638_/CLK (DFFLQNx2_ASAP7_75t_R)
 -18.60   -8.60   library setup time
          -8.60   data required time
---------------------------------------------------------
          -8.60   data required time
        -932.72   data arrival time
---------------------------------------------------------
        -941.32   slack (VIOLATED)


Startpoint: _10597_ (falling edge-triggered flip-flop clocked by clk')
Endpoint: _10779_ (falling edge-triggered flip-flop clocked by clk')
Path Group: clk
Path Type: max

  Delay    Time   Description
---------------------------------------------------------
   0.00    0.00   clock clk' (fall edge)
   0.00    0.00   clock network delay (ideal)
   0.00    0.00 v _10597_/CLK (DFFLQNx2_ASAP7_75t_R)
 148.99  148.99 ^ _10597_/QN (DFFLQNx2_ASAP7_75t_R)
  49.59  198.58 v _05507_/Y (CKINVDCx20_ASAP7_75t_R)
  84.44  283.02 v _05555_/Y (OR3x4_ASAP7_75t_R)
  81.06  364.08 v _05556_/Y (AND2x6_ASAP7_75t_R)
  39.33  403.40 ^ _05688_/Y (CKINVDCx20_ASAP7_75t_R)
  41.56  444.97 ^ _10206_/Y (OR3x4_ASAP7_75t_R)
  19.59  464.56 v _10207_/Y (NAND2x2_ASAP7_75t_R)
  34.78  499.35 v _10218_/Y (AO21x1_ASAP7_75t_R)
  51.51  550.85 v _10219_/Y (OA211x2_ASAP7_75t_R)
   0.00  550.85 v _10779_/D (DFFLQNx3_ASAP7_75t_R)
         550.85   data arrival time

  10.00   10.00   clock clk' (fall edge)
   0.00   10.00   clock network delay (ideal)
   0.00   10.00   clock reconvergence pessimism
          10.00 v _10779_/CLK (DFFLQNx3_ASAP7_75t_R)
 -18.79   -8.79   library setup time
          -8.79   data required time
---------------------------------------------------------
          -8.79   data required time
        -550.85   data arrival time
---------------------------------------------------------
        -559.65   slack (VIOLATED)


Startpoint: _10775_ (falling edge-triggered flip-flop clocked by clk')
Endpoint: _10794_ (falling edge-triggered flip-flop clocked by clk')
Path Group: clk
Path Type: max

  Delay    Time   Description
---------------------------------------------------------
   0.00    0.00   clock clk' (fall edge)
   0.00    0.00   clock network delay (ideal)
   0.00    0.00 v _10775_/CLK (DFFLQNx3_ASAP7_75t_R)
 151.64  151.64 v _10775_/QN (DFFLQNx3_ASAP7_75t_R)
  70.60  222.24 ^ _05584_/Y (NAND2x2_ASAP7_75t_R)
  36.77  259.01 v _05618_/Y (INVx4_ASAP7_75t_R)
  38.62  297.63 ^ _05621_/Y (NAND2x2_ASAP7_75t_R)
  38.19  335.82 ^ rebuffer1058/Y (BUFx3_ASAP7_75t_R)
  19.75  355.57 v _05622_/Y (NOR2x2_ASAP7_75t_R)
  20.88  376.45 ^ _05745_/Y (INVx3_ASAP7_75t_R)
  41.62  418.07 ^ _08572_/Y (AND3x4_ASAP7_75t_R)
  39.17  457.24 ^ _08573_/Y (AND4x1_ASAP7_75t_R)
  39.98  497.22 ^ _08574_/Y (OA211x2_ASAP7_75t_R)
  15.74  512.97 v _08580_/Y (OAI21x1_ASAP7_75t_R)
  24.53  537.50 ^ _08581_/Y (NAND2x1_ASAP7_75t_R)
  46.46  583.95 ^ _08585_/Y (OR3x4_ASAP7_75t_R)
  17.35  601.30 v _08606_/Y (NAND2x2_ASAP7_75t_R)
  43.14  644.44 v rebuffer1225/Y (BUFx6f_ASAP7_75t_R)
  15.28  659.71 ^ _08614_/Y (CKINVDCx14_ASAP7_75t_R)
  23.00  682.71 v _08786_/Y (NOR2x2_ASAP7_75t_R)
  33.86  716.57 v rebuffer1163/Y (BUFx6f_ASAP7_75t_R)
  45.03  761.60 v _10427_/Y (AO32x1_ASAP7_75t_R)
   0.00  761.60 v _10794_/D (DFFLQNx3_ASAP7_75t_R)
         761.60   data arrival time

  10.00   10.00   clock clk' (fall edge)
   0.00   10.00   clock network delay (ideal)
   0.00   10.00   clock reconvergence pessimism
          10.00 v _10794_/CLK (DFFLQNx3_ASAP7_75t_R)
 -18.84   -8.84   library setup time
          -8.84   data required time
---------------------------------------------------------
          -8.84   data required time
        -761.60   data arrival time
---------------------------------------------------------
        -770.43   slack (VIOLATED)


Startpoint: _10621_ (falling edge-triggered flip-flop clocked by clk')
Endpoint: _10621_ (falling edge-triggered flip-flop clocked by clk')
Path Group: clk
Path Type: max

  Delay    Time   Description
---------------------------------------------------------
   0.00    0.00   clock clk' (fall edge)
   0.00    0.00   clock network delay (ideal)
   0.00    0.00 v _10621_/CLK (DFFLQNx2_ASAP7_75t_R)
  81.78   81.78 ^ _10621_/QN (DFFLQNx2_ASAP7_75t_R)
  22.39  104.17 v _08736_/Y (INVx1_ASAP7_75t_R)
  33.39  137.56 v _08780_/Y (AO21x1_ASAP7_75t_R)
  51.00  188.56 v _08781_/Y (OA211x2_ASAP7_75t_R)
   0.00  188.56 v _10621_/D (DFFLQNx2_ASAP7_75t_R)
         188.56   data arrival time

  10.00   10.00   clock clk' (fall edge)
   0.00   10.00   clock network delay (ideal)
   0.00   10.00   clock reconvergence pessimism
          10.00 v _10621_/CLK (DFFLQNx2_ASAP7_75t_R)
 -18.79   -8.79   library setup time
          -8.79   data required time
---------------------------------------------------------
          -8.79   data required time
        -188.56   data arrival time
---------------------------------------------------------
        -197.35   slack (VIOLATED)


Startpoint: _10597_ (falling edge-triggered flip-flop clocked by clk')
Endpoint: _10775_ (falling edge-triggered flip-flop clocked by clk')
Path Group: clk
Path Type: max

  Delay    Time   Description
---------------------------------------------------------
   0.00    0.00   clock clk' (fall edge)
   0.00    0.00   clock network delay (ideal)
   0.00    0.00 v _10597_/CLK (DFFLQNx2_ASAP7_75t_R)
 148.99  148.99 ^ _10597_/QN (DFFLQNx2_ASAP7_75t_R)
  49.59  198.58 v _05507_/Y (CKINVDCx20_ASAP7_75t_R)
  84.44  283.02 v _05555_/Y (OR3x4_ASAP7_75t_R)
  81.06  364.08 v _05556_/Y (AND2x6_ASAP7_75t_R)
  39.33  403.40 ^ _05688_/Y (CKINVDCx20_ASAP7_75t_R)
  41.56  444.97 ^ _10206_/Y (OR3x4_ASAP7_75t_R)
  19.59  464.56 v _10207_/Y (NAND2x2_ASAP7_75t_R)
  34.78  499.35 v _10210_/Y (AO21x1_ASAP7_75t_R)
  51.51  550.85 v _10211_/Y (OA211x2_ASAP7_75t_R)
   0.00  550.85 v _10775_/D (DFFLQNx3_ASAP7_75t_R)
         550.85   data arrival time

  10.00   10.00   clock clk' (fall edge)
   0.00   10.00   clock network delay (ideal)
   0.00   10.00   clock reconvergence pessimism
          10.00 v _10775_/CLK (DFFLQNx3_ASAP7_75t_R)
 -18.79   -8.79   library setup time
          -8.79   data required time
---------------------------------------------------------
          -8.79   data required time
        -550.85   data arrival time
---------------------------------------------------------
        -559.65   slack (VIOLATED)


Startpoint: _10597_ (falling edge-triggered flip-flop clocked by clk')
Endpoint: _10780_ (falling edge-triggered flip-flop clocked by clk')
Path Group: clk
Path Type: max

  Delay    Time   Description
---------------------------------------------------------
   0.00    0.00   clock clk' (fall edge)
   0.00    0.00   clock network delay (ideal)
   0.00    0.00 v _10597_/CLK (DFFLQNx2_ASAP7_75t_R)
 148.99  148.99 ^ _10597_/QN (DFFLQNx2_ASAP7_75t_R)
  49.59  198.58 v _05507_/Y (CKINVDCx20_ASAP7_75t_R)
  84.44  283.02 v _05555_/Y (OR3x4_ASAP7_75t_R)
  81.06  364.08 v _05556_/Y (AND2x6_ASAP7_75t_R)
  39.33  403.40 ^ _05688_/Y (CKINVDCx20_ASAP7_75t_R)
  41.56  444.97 ^ _10206_/Y (OR3x4_ASAP7_75t_R)
  19.59  464.56 v _10207_/Y (NAND2x2_ASAP7_75t_R)
  34.78  499.35 v _10220_/Y (AO21x1_ASAP7_75t_R)
  51.51  550.85 v _10221_/Y (OA211x2_ASAP7_75t_R)
   0.00  550.85 v _10780_/D (DFFLQNx2_ASAP7_75t_R)
         550.85   data arrival time

  10.00   10.00   clock clk' (fall edge)
   0.00   10.00   clock network delay (ideal)
   0.00   10.00   clock reconvergence pessimism
          10.00 v _10780_/CLK (DFFLQNx2_ASAP7_75t_R)
 -18.79   -8.79   library setup time
          -8.79   data required time
---------------------------------------------------------
          -8.79   data required time
        -550.85   data arrival time
---------------------------------------------------------
        -559.64   slack (VIOLATED)


Startpoint: _10597_ (falling edge-triggered flip-flop clocked by clk')
Endpoint: _10777_ (falling edge-triggered flip-flop clocked by clk')
Path Group: clk
Path Type: max

  Delay    Time   Description
---------------------------------------------------------
   0.00    0.00   clock clk' (fall edge)
   0.00    0.00   clock network delay (ideal)
   0.00    0.00 v _10597_/CLK (DFFLQNx2_ASAP7_75t_R)
 148.99  148.99 ^ _10597_/QN (DFFLQNx2_ASAP7_75t_R)
  49.59  198.58 v _05507_/Y (CKINVDCx20_ASAP7_75t_R)
  84.44  283.02 v _05555_/Y (OR3x4_ASAP7_75t_R)
  81.06  364.08 v _05556_/Y (AND2x6_ASAP7_75t_R)
  39.33  403.40 ^ _05688_/Y (CKINVDCx20_ASAP7_75t_R)
  41.56  444.97 ^ _10206_/Y (OR3x4_ASAP7_75t_R)
  19.59  464.56 v _10207_/Y (NAND2x2_ASAP7_75t_R)
  34.78  499.35 v _10214_/Y (AO21x1_ASAP7_75t_R)
  51.51  550.85 v _10215_/Y (OA211x2_ASAP7_75t_R)
   0.00  550.85 v _10777_/D (DFFLQNx3_ASAP7_75t_R)
         550.85   data arrival time

  10.00   10.00   clock clk' (fall edge)
   0.00   10.00   clock network delay (ideal)
   0.00   10.00   clock reconvergence pessimism
          10.00 v _10777_/CLK (DFFLQNx3_ASAP7_75t_R)
 -18.79   -8.79   library setup time
          -8.79   data required time
---------------------------------------------------------
          -8.79   data required time
        -550.85   data arrival time
---------------------------------------------------------
        -559.65   slack (VIOLATED)


Startpoint: _10597_ (falling edge-triggered flip-flop clocked by clk')
Endpoint: _10774_ (falling edge-triggered flip-flop clocked by clk')
Path Group: clk
Path Type: max

  Delay    Time   Description
---------------------------------------------------------
   0.00    0.00   clock clk' (fall edge)
   0.00    0.00   clock network delay (ideal)
   0.00    0.00 v _10597_/CLK (DFFLQNx2_ASAP7_75t_R)
 148.99  148.99 ^ _10597_/QN (DFFLQNx2_ASAP7_75t_R)
  49.59  198.58 v _05507_/Y (CKINVDCx20_ASAP7_75t_R)
  84.44  283.02 v _05555_/Y (OR3x4_ASAP7_75t_R)
  81.06  364.08 v _05556_/Y (AND2x6_ASAP7_75t_R)
  39.33  403.40 ^ _05688_/Y (CKINVDCx20_ASAP7_75t_R)
  41.56  444.97 ^ _10206_/Y (OR3x4_ASAP7_75t_R)
  19.59  464.56 v _10207_/Y (NAND2x2_ASAP7_75t_R)
  34.78  499.35 v _10208_/Y (AO21x1_ASAP7_75t_R)
  51.51  550.85 v _10209_/Y (OA211x2_ASAP7_75t_R)
   0.00  550.85 v _10774_/D (DFFLQNx3_ASAP7_75t_R)
         550.85   data arrival time

  10.00   10.00   clock clk' (fall edge)
   0.00   10.00   clock network delay (ideal)
   0.00   10.00   clock reconvergence pessimism
          10.00 v _10774_/CLK (DFFLQNx3_ASAP7_75t_R)
 -18.79   -8.79   library setup time
          -8.79   data required time
---------------------------------------------------------
          -8.79   data required time
        -550.85   data arrival time
---------------------------------------------------------
        -559.65   slack (VIOLATED)


Startpoint: _10775_ (falling edge-triggered flip-flop clocked by clk')
Endpoint: _10892_ (falling edge-triggered flip-flop clocked by clk')
Path Group: clk
Path Type: max

  Delay    Time   Description
---------------------------------------------------------
   0.00    0.00   clock clk' (fall edge)
   0.00    0.00   clock network delay (ideal)
   0.00    0.00 v _10775_/CLK (DFFLQNx3_ASAP7_75t_R)
 151.64  151.64 v _10775_/QN (DFFLQNx3_ASAP7_75t_R)
  36.95  188.59 ^ _05514_/Y (INVx8_ASAP7_75t_R)
  40.84  229.43 v _05515_/Y (NOR2x2_ASAP7_75t_R)
  41.31  270.75 v rebuffer388/Y (BUFx6f_ASAP7_75t_R)
  34.15  304.90 ^ _05539_/Y (NAND2x2_ASAP7_75t_R)
  48.06  352.96 ^ _05544_/Y (OR3x4_ASAP7_75t_R)
  20.43  373.40 v _05545_/Y (NOR2x2_ASAP7_75t_R)
  37.34  410.74 ^ _06782_/Y (INVx1_ASAP7_75t_R)
  56.96  467.69 v _10480_/CON (HAxp5_ASAP7_75t_R)
  44.16  511.85 v _05560_/Y (AND3x1_ASAP7_75t_R)
  32.79  544.64 v _05647_/Y (AND5x1_ASAP7_75t_R)
  66.93  611.56 v _05653_/Y (OR5x1_ASAP7_75t_R)
   0.00  611.56 v _10892_/D (DFFLQNx2_ASAP7_75t_R)
         611.56   data arrival time

  10.00   10.00   clock clk' (fall edge)
   0.00   10.00   clock network delay (ideal)
   0.00   10.00   clock reconvergence pessimism
          10.00 v _10892_/CLK (DFFLQNx2_ASAP7_75t_R)
 -20.16  -10.16   library setup time
         -10.16   data required time
---------------------------------------------------------
         -10.16   data required time
        -611.56   data arrival time
---------------------------------------------------------
        -621.72   slack (VIOLATED)


Startpoint: _10597_ (falling edge-triggered flip-flop clocked by clk')
Endpoint: _10778_ (falling edge-triggered flip-flop clocked by clk')
Path Group: clk
Path Type: max

  Delay    Time   Description
---------------------------------------------------------
   0.00    0.00   clock clk' (fall edge)
   0.00    0.00   clock network delay (ideal)
   0.00    0.00 v _10597_/CLK (DFFLQNx2_ASAP7_75t_R)
 148.99  148.99 ^ _10597_/QN (DFFLQNx2_ASAP7_75t_R)
  49.59  198.58 v _05507_/Y (CKINVDCx20_ASAP7_75t_R)
  84.44  283.02 v _05555_/Y (OR3x4_ASAP7_75t_R)
  81.06  364.08 v _05556_/Y (AND2x6_ASAP7_75t_R)
  39.33  403.40 ^ _05688_/Y (CKINVDCx20_ASAP7_75t_R)
  41.56  444.97 ^ _10206_/Y (OR3x4_ASAP7_75t_R)
  19.59  464.56 v _10207_/Y (NAND2x2_ASAP7_75t_R)
  34.78  499.35 v _10216_/Y (AO21x1_ASAP7_75t_R)
  51.51  550.85 v _10217_/Y (OA211x2_ASAP7_75t_R)
   0.00  550.85 v _10778_/D (DFFLQNx3_ASAP7_75t_R)
         550.85   data arrival time

  10.00   10.00   clock clk' (fall edge)
   0.00   10.00   clock network delay (ideal)
   0.00   10.00   clock reconvergence pessimism
          10.00 v _10778_/CLK (DFFLQNx3_ASAP7_75t_R)
 -18.79   -8.79   library setup time
          -8.79   data required time
---------------------------------------------------------
          -8.79   data required time
        -550.85   data arrival time
---------------------------------------------------------
        -559.65   slack (VIOLATED)


Startpoint: _10677_ (falling edge-triggered flip-flop clocked by clk')
Endpoint: _10677_ (falling edge-triggered flip-flop clocked by clk')
Path Group: clk
Path Type: max

  Delay    Time   Description
---------------------------------------------------------
   0.00    0.00   clock clk' (fall edge)
   0.00    0.00   clock network delay (ideal)
   0.00    0.00 v _10677_/CLK (DFFLQNx2_ASAP7_75t_R)
 123.76  123.76 v _10677_/QN (DFFLQNx2_ASAP7_75t_R)
  24.94  148.70 ^ _05705_/Y (INVx6_ASAP7_75t_R)
  40.57  189.26 ^ _06242_/Y (AND3x4_ASAP7_75t_R)
  36.78  226.05 ^ _06243_/Y (XOR2x1_ASAP7_75t_R)
  47.94  273.99 v _10448_/CON (FAx1_ASAP7_75t_R)
  46.06  320.05 ^ _10449_/CON (FAx1_ASAP7_75t_R)
  42.70  362.75 ^ rebuffer961/Y (BUFx3_ASAP7_75t_R)
  14.29  377.04 v _06820_/Y (OAI21x1_ASAP7_75t_R)
  46.37  423.41 v _06822_/Y (AO21x2_ASAP7_75t_R)
  33.09  456.49 ^ _10453_/CON (FAx1_ASAP7_75t_R)
  28.59  485.09 v _06823_/Y (INVx1_ASAP7_75t_R)
  34.61  519.70 ^ _10455_/CON (FAx1_ASAP7_75t_R)
  28.59  548.29 v _06825_/Y (INVx1_ASAP7_75t_R)
  33.67  581.96 ^ _10456_/CON (FAx1_ASAP7_75t_R)
  35.71  617.67 ^ split970/Y (BUFx2_ASAP7_75t_R)
  11.69  629.36 v _06827_/Y (INVx1_ASAP7_75t_R)
  30.64  660.00 ^ _10458_/CON (FAx1_ASAP7_75t_R)
  35.11  695.11 ^ split956/Y (BUFx2_ASAP7_75t_R)
  23.21  718.32 ^ rebuffer957/Y (BUFx3_ASAP7_75t_R)
  12.68  730.99 v _09278_/Y (AOI21x1_ASAP7_75t_R)
  33.32  764.32 v _09279_/Y (AO21x1_ASAP7_75t_R)
  35.20  799.51 v _09288_/Y (OA21x2_ASAP7_75t_R)
  26.21  825.72 v _09289_/Y (OA21x2_ASAP7_75t_R)
  18.91  844.63 ^ _09292_/Y (AOI21x1_ASAP7_75t_R)
  18.01  862.64 v _09313_/Y (NAND2x1_ASAP7_75t_R)
  20.50  883.14 ^ _09318_/Y (AOI22x1_ASAP7_75t_R)
   0.00  883.14 ^ _10677_/D (DFFLQNx2_ASAP7_75t_R)
         883.14   data arrival time

  10.00   10.00   clock clk' (fall edge)
   0.00   10.00   clock network delay (ideal)
   0.00   10.00   clock reconvergence pessimism
          10.00 v _10677_/CLK (DFFLQNx2_ASAP7_75t_R)
  -8.90    1.10   library setup time
           1.10   data required time
---------------------------------------------------------
           1.10   data required time
        -883.14   data arrival time
---------------------------------------------------------
        -882.04   slack (VIOLATED)


Startpoint: _10779_ (falling edge-triggered flip-flop clocked by clk')
Endpoint: _10597_ (falling edge-triggered flip-flop clocked by clk')
Path Group: clk
Path Type: max

  Delay    Time   Description
---------------------------------------------------------
   0.00    0.00   clock clk' (fall edge)
   0.00    0.00   clock network delay (ideal)
   0.00    0.00 v _10779_/CLK (DFFLQNx3_ASAP7_75t_R)
 125.83  125.83 v _10779_/QN (DFFLQNx3_ASAP7_75t_R)
  55.42  181.25 v rebuffer383/Y (BUFx2_ASAP7_75t_R)
  37.60  218.85 ^ _05712_/Y (NOR2x2_ASAP7_75t_R)
  40.99  259.84 v _05759_/Y (NAND2x2_ASAP7_75t_R)
  46.59  306.43 ^ _05872_/Y (OAI22x1_ASAP7_75t_R)
  39.88  346.31 v _05874_/Y (NOR2x2_ASAP7_75t_R)
  45.95  392.25 v _08572_/Y (AND3x4_ASAP7_75t_R)
  22.76  415.02 v _08573_/Y (AND4x1_ASAP7_75t_R)
  52.03  467.05 v _08574_/Y (OA211x2_ASAP7_75t_R)
  20.58  487.62 ^ _08580_/Y (OAI21x1_ASAP7_75t_R)
  19.66  507.28 v _08581_/Y (NAND2x1_ASAP7_75t_R)
  84.48  591.76 v _08585_/Y (OR3x4_ASAP7_75t_R)
  29.06  620.82 ^ _08606_/Y (NAND2x2_ASAP7_75t_R)
  43.53  664.35 ^ rebuffer1225/Y (BUFx6f_ASAP7_75t_R)
  30.82  695.17 ^ rebuffer1226/Y (BUFx6f_ASAP7_75t_R)
  11.52  706.69 v _08608_/Y (AOI21x1_ASAP7_75t_R)
  52.66  759.35 v _08609_/Y (AO21x2_ASAP7_75t_R)
  35.25  794.60 v _08622_/Y (AO21x1_ASAP7_75t_R)
  28.64  823.24 v _08623_/Y (AND2x2_ASAP7_75t_R)
   0.00  823.24 v _10597_/D (DFFLQNx2_ASAP7_75t_R)
         823.24   data arrival time

  10.00   10.00   clock clk' (fall edge)
   0.00   10.00   clock network delay (ideal)
   0.00   10.00   clock reconvergence pessimism
          10.00 v _10597_/CLK (DFFLQNx2_ASAP7_75t_R)
 -17.06   -7.06   library setup time
          -7.06   data required time
---------------------------------------------------------
          -7.06   data required time
        -823.24   data arrival time
---------------------------------------------------------
        -830.30   slack (VIOLATED)


Startpoint: _10597_ (falling edge-triggered flip-flop clocked by clk')
Endpoint: _10781_ (falling edge-triggered flip-flop clocked by clk')
Path Group: clk
Path Type: max

  Delay    Time   Description
---------------------------------------------------------
   0.00    0.00   clock clk' (fall edge)
   0.00    0.00   clock network delay (ideal)
   0.00    0.00 v _10597_/CLK (DFFLQNx2_ASAP7_75t_R)
 148.99  148.99 ^ _10597_/QN (DFFLQNx2_ASAP7_75t_R)
  49.59  198.58 v _05507_/Y (CKINVDCx20_ASAP7_75t_R)
  84.44  283.02 v _05555_/Y (OR3x4_ASAP7_75t_R)
  81.06  364.08 v _05556_/Y (AND2x6_ASAP7_75t_R)
  39.33  403.40 ^ _05688_/Y (CKINVDCx20_ASAP7_75t_R)
  41.56  444.97 ^ _10206_/Y (OR3x4_ASAP7_75t_R)
  19.59  464.56 v _10207_/Y (NAND2x2_ASAP7_75t_R)
  34.78  499.35 v _10222_/Y (AO21x1_ASAP7_75t_R)
  51.51  550.85 v _10223_/Y (OA211x2_ASAP7_75t_R)
   0.00  550.85 v _10781_/D (DFFLQNx2_ASAP7_75t_R)
         550.85   data arrival time

  10.00   10.00   clock clk' (fall edge)
   0.00   10.00   clock network delay (ideal)
   0.00   10.00   clock reconvergence pessimism
          10.00 v _10781_/CLK (DFFLQNx2_ASAP7_75t_R)
 -18.79   -8.79   library setup time
          -8.79   data required time
---------------------------------------------------------
          -8.79   data required time
        -550.85   data arrival time
---------------------------------------------------------
        -559.64   slack (VIOLATED)


Startpoint: _10623_ (falling edge-triggered flip-flop clocked by clk')
Endpoint: _10623_ (falling edge-triggered flip-flop clocked by clk')
Path Group: clk
Path Type: max

  Delay    Time   Description
---------------------------------------------------------
   0.00    0.00   clock clk' (fall edge)
   0.00    0.00   clock network delay (ideal)
   0.00    0.00 v _10623_/CLK (DFFLQNx3_ASAP7_75t_R)
  84.81   84.81 ^ _10623_/QN (DFFLQNx3_ASAP7_75t_R)
  17.80  102.61 v _08779_/Y (INVx1_ASAP7_75t_R)
  48.09  150.70 v _08785_/Y (OA211x2_ASAP7_75t_R)
   0.00  150.70 v _10623_/D (DFFLQNx3_ASAP7_75t_R)
         150.70   data arrival time

  10.00   10.00   clock clk' (fall edge)
   0.00   10.00   clock network delay (ideal)
   0.00   10.00   clock reconvergence pessimism
          10.00 v _10623_/CLK (DFFLQNx3_ASAP7_75t_R)
 -18.79   -8.79   library setup time
          -8.79   data required time
---------------------------------------------------------
          -8.79   data required time
        -150.70   data arrival time
---------------------------------------------------------
        -159.49   slack (VIOLATED)


Startpoint: _10775_ (falling edge-triggered flip-flop clocked by clk')
Endpoint: _10638_ (falling edge-triggered flip-flop clocked by clk')
Path Group: clk
Path Type: max

  Delay    Time   Description
---------------------------------------------------------
   0.00    0.00   clock clk' (fall edge)
   0.00    0.00   clock network delay (ideal)
   0.00    0.00 v _10775_/CLK (DFFLQNx3_ASAP7_75t_R)
 151.64  151.64 v _10775_/QN (DFFLQNx3_ASAP7_75t_R)
  70.15  221.79 ^ _05526_/Y (NOR2x2_ASAP7_75t_R)
  48.05  269.85 v _05529_/Y (NAND2x2_ASAP7_75t_R)
  61.79  331.64 ^ _05888_/Y (OAI22x1_ASAP7_75t_R)
  33.46  365.09 v _05889_/Y (NOR2x2_ASAP7_75t_R)
  26.60  391.69 ^ _05890_/Y (NAND2x1_ASAP7_75t_R)
  18.80  410.50 v _05901_/Y (NOR2x1_ASAP7_75t_R)
  28.35  438.85 ^ _05902_/Y (NAND2x1_ASAP7_75t_R)
  20.22  459.07 v _05937_/Y (NOR2x2_ASAP7_75t_R)
  42.43  501.50 ^ _05938_/Y (AOI21x1_ASAP7_75t_R)
  38.24  539.74 v _05999_/Y (AOI21x1_ASAP7_75t_R)
  39.72  579.46 ^ _06004_/Y (AOI21x1_ASAP7_75t_R)
  37.75  617.21 ^ rebuffer413/Y (BUFx3_ASAP7_75t_R)
  38.49  655.70 v _06037_/Y (OAI21x1_ASAP7_75t_R)
  47.59  703.30 v load_slew73/Y (BUFx16f_ASAP7_75t_R)
  37.08  740.38 v max_cap72/Y (BUFx16f_ASAP7_75t_R)
  29.75  770.13 v rebuffer458/Y (BUFx6f_ASAP7_75t_R)
  14.25  784.38 ^ _06211_/Y (NAND2x2_ASAP7_75t_R)
  30.71  815.08 ^ _06212_/Y (AO21x1_ASAP7_75t_R)
  21.86  836.94 v _06218_/Y (AOI21x1_ASAP7_75t_R)
  19.13  856.08 ^ _06219_/Y (NOR2x2_ASAP7_75t_R)
  26.97  883.04 ^ rebuffer636/Y (BUFx3_ASAP7_75t_R)
  13.92  896.97 v _07753_/Y (AOI21x1_ASAP7_75t_R)
  20.58  917.55 ^ _07758_/Y (AOI21x1_ASAP7_75t_R)
  15.17  932.72 v _07760_/Y (OAI21x1_ASAP7_75t_R)
   0.00  932.72 v _10638_/D (DFFLQNx2_ASAP7_75t_R)
         932.72   data arrival time

  10.00   10.00   clock clk' (fall edge)
   0.00   10.00   clock network delay (ideal)
   0.00   10.00   clock reconvergence pessimism
          10.00 v _10638_/CLK (DFFLQNx2_ASAP7_75t_R)
 -18.60   -8.60   library setup time
          -8.60   data required time
---------------------------------------------------------
          -8.60   data required time
        -932.72   data arrival time
---------------------------------------------------------
        -941.32   slack (VIOLATED)


Startpoint: _10597_ (falling edge-triggered flip-flop clocked by clk')
Endpoint: _10779_ (falling edge-triggered flip-flop clocked by clk')
Path Group: clk
Path Type: max

  Delay    Time   Description
---------------------------------------------------------
   0.00    0.00   clock clk' (fall edge)
   0.00    0.00   clock network delay (ideal)
   0.00    0.00 v _10597_/CLK (DFFLQNx2_ASAP7_75t_R)
 148.99  148.99 ^ _10597_/QN (DFFLQNx2_ASAP7_75t_R)
  49.59  198.58 v _05507_/Y (CKINVDCx20_ASAP7_75t_R)
  84.44  283.02 v _05555_/Y (OR3x4_ASAP7_75t_R)
  81.06  364.08 v _05556_/Y (AND2x6_ASAP7_75t_R)
  39.33  403.40 ^ _05688_/Y (CKINVDCx20_ASAP7_75t_R)
  41.56  444.97 ^ _10206_/Y (OR3x4_ASAP7_75t_R)
  19.59  464.56 v _10207_/Y (NAND2x2_ASAP7_75t_R)
  34.78  499.35 v _10218_/Y (AO21x1_ASAP7_75t_R)
  51.51  550.85 v _10219_/Y (OA211x2_ASAP7_75t_R)
   0.00  550.85 v _10779_/D (DFFLQNx3_ASAP7_75t_R)
         550.85   data arrival time

  10.00   10.00   clock clk' (fall edge)
   0.00   10.00   clock network delay (ideal)
   0.00   10.00   clock reconvergence pessimism
          10.00 v _10779_/CLK (DFFLQNx3_ASAP7_75t_R)
 -18.79   -8.79   library setup time
          -8.79   data required time
---------------------------------------------------------
          -8.79   data required time
        -550.85   data arrival time
---------------------------------------------------------
        -559.65   slack (VIOLATED)


Startpoint: _10775_ (falling edge-triggered flip-flop clocked by clk')
Endpoint: _10794_ (falling edge-triggered flip-flop clocked by clk')
Path Group: clk
Path Type: max

  Delay    Time   Description
---------------------------------------------------------
   0.00    0.00   clock clk' (fall edge)
   0.00    0.00   clock network delay (ideal)
   0.00    0.00 v _10775_/CLK (DFFLQNx3_ASAP7_75t_R)
 151.64  151.64 v _10775_/QN (DFFLQNx3_ASAP7_75t_R)
  70.60  222.24 ^ _05584_/Y (NAND2x2_ASAP7_75t_R)
  36.77  259.01 v _05618_/Y (INVx4_ASAP7_75t_R)
  38.62  297.63 ^ _05621_/Y (NAND2x2_ASAP7_75t_R)
  38.19  335.82 ^ rebuffer1058/Y (BUFx3_ASAP7_75t_R)
  19.75  355.57 v _05622_/Y (NOR2x2_ASAP7_75t_R)
  20.88  376.45 ^ _05745_/Y (INVx3_ASAP7_75t_R)
  41.62  418.07 ^ _08572_/Y (AND3x4_ASAP7_75t_R)
  39.17  457.24 ^ _08573_/Y (AND4x1_ASAP7_75t_R)
  39.98  497.22 ^ _08574_/Y (OA211x2_ASAP7_75t_R)
  15.74  512.97 v _08580_/Y (OAI21x1_ASAP7_75t_R)
  24.53  537.50 ^ _08581_/Y (NAND2x1_ASAP7_75t_R)
  46.46  583.95 ^ _08585_/Y (OR3x4_ASAP7_75t_R)
  17.35  601.30 v _08606_/Y (NAND2x2_ASAP7_75t_R)
  43.14  644.44 v rebuffer1225/Y (BUFx6f_ASAP7_75t_R)
  15.28  659.71 ^ _08614_/Y (CKINVDCx14_ASAP7_75t_R)
  23.00  682.71 v _08786_/Y (NOR2x2_ASAP7_75t_R)
  33.86  716.57 v rebuffer1163/Y (BUFx6f_ASAP7_75t_R)
  45.03  761.60 v _10427_/Y (AO32x1_ASAP7_75t_R)
   0.00  761.60 v _10794_/D (DFFLQNx3_ASAP7_75t_R)
         761.60   data arrival time

  10.00   10.00   clock clk' (fall edge)
   0.00   10.00   clock network delay (ideal)
   0.00   10.00   clock reconvergence pessimism
          10.00 v _10794_/CLK (DFFLQNx3_ASAP7_75t_R)
 -18.84   -8.84   library setup time
          -8.84   data required time
---------------------------------------------------------
          -8.84   data required time
        -761.60   data arrival time
---------------------------------------------------------
        -770.43   slack (VIOLATED)


Startpoint: _10621_ (falling edge-triggered flip-flop clocked by clk')
Endpoint: _10621_ (falling edge-triggered flip-flop clocked by clk')
Path Group: clk
Path Type: max

  Delay    Time   Description
---------------------------------------------------------
   0.00    0.00   clock clk' (fall edge)
   0.00    0.00   clock network delay (ideal)
   0.00    0.00 v _10621_/CLK (DFFLQNx2_ASAP7_75t_R)
  81.78   81.78 ^ _10621_/QN (DFFLQNx2_ASAP7_75t_R)
  22.39  104.17 v _08736_/Y (INVx1_ASAP7_75t_R)
  33.39  137.56 v _08780_/Y (AO21x1_ASAP7_75t_R)
  51.00  188.56 v _08781_/Y (OA211x2_ASAP7_75t_R)
   0.00  188.56 v _10621_/D (DFFLQNx2_ASAP7_75t_R)
         188.56   data arrival time

  10.00   10.00   clock clk' (fall edge)
   0.00   10.00   clock network delay (ideal)
   0.00   10.00   clock reconvergence pessimism
          10.00 v _10621_/CLK (DFFLQNx2_ASAP7_75t_R)
 -18.79   -8.79   library setup time
          -8.79   data required time
---------------------------------------------------------
          -8.79   data required time
        -188.56   data arrival time
---------------------------------------------------------
        -197.35   slack (VIOLATED)


Startpoint: _10597_ (falling edge-triggered flip-flop clocked by clk')
Endpoint: _10775_ (falling edge-triggered flip-flop clocked by clk')
Path Group: clk
Path Type: max

  Delay    Time   Description
---------------------------------------------------------
   0.00    0.00   clock clk' (fall edge)
   0.00    0.00   clock network delay (ideal)
   0.00    0.00 v _10597_/CLK (DFFLQNx2_ASAP7_75t_R)
 148.99  148.99 ^ _10597_/QN (DFFLQNx2_ASAP7_75t_R)
  49.59  198.58 v _05507_/Y (CKINVDCx20_ASAP7_75t_R)
  84.44  283.02 v _05555_/Y (OR3x4_ASAP7_75t_R)
  81.06  364.08 v _05556_/Y (AND2x6_ASAP7_75t_R)
  39.33  403.40 ^ _05688_/Y (CKINVDCx20_ASAP7_75t_R)
  41.56  444.97 ^ _10206_/Y (OR3x4_ASAP7_75t_R)
  19.59  464.56 v _10207_/Y (NAND2x2_ASAP7_75t_R)
  34.78  499.35 v _10210_/Y (AO21x1_ASAP7_75t_R)
  51.51  550.85 v _10211_/Y (OA211x2_ASAP7_75t_R)
   0.00  550.85 v _10775_/D (DFFLQNx3_ASAP7_75t_R)
         550.85   data arrival time

  10.00   10.00   clock clk' (fall edge)
   0.00   10.00   clock network delay (ideal)
   0.00   10.00   clock reconvergence pessimism
          10.00 v _10775_/CLK (DFFLQNx3_ASAP7_75t_R)
 -18.79   -8.79   library setup time
          -8.79   data required time
---------------------------------------------------------
          -8.79   data required time
        -550.85   data arrival time
---------------------------------------------------------
        -559.65   slack (VIOLATED)


Startpoint: _10597_ (falling edge-triggered flip-flop clocked by clk')
Endpoint: _10780_ (falling edge-triggered flip-flop clocked by clk')
Path Group: clk
Path Type: max

  Delay    Time   Description
---------------------------------------------------------
   0.00    0.00   clock clk' (fall edge)
   0.00    0.00   clock network delay (ideal)
   0.00    0.00 v _10597_/CLK (DFFLQNx2_ASAP7_75t_R)
 148.99  148.99 ^ _10597_/QN (DFFLQNx2_ASAP7_75t_R)
  49.59  198.58 v _05507_/Y (CKINVDCx20_ASAP7_75t_R)
  84.44  283.02 v _05555_/Y (OR3x4_ASAP7_75t_R)
  81.06  364.08 v _05556_/Y (AND2x6_ASAP7_75t_R)
  39.33  403.40 ^ _05688_/Y (CKINVDCx20_ASAP7_75t_R)
  41.56  444.97 ^ _10206_/Y (OR3x4_ASAP7_75t_R)
  19.59  464.56 v _10207_/Y (NAND2x2_ASAP7_75t_R)
  34.78  499.35 v _10220_/Y (AO21x1_ASAP7_75t_R)
  51.51  550.85 v _10221_/Y (OA211x2_ASAP7_75t_R)
   0.00  550.85 v _10780_/D (DFFLQNx2_ASAP7_75t_R)
         550.85   data arrival time

  10.00   10.00   clock clk' (fall edge)
   0.00   10.00   clock network delay (ideal)
   0.00   10.00   clock reconvergence pessimism
          10.00 v _10780_/CLK (DFFLQNx2_ASAP7_75t_R)
 -18.79   -8.79   library setup time
          -8.79   data required time
---------------------------------------------------------
          -8.79   data required time
        -550.85   data arrival time
---------------------------------------------------------
        -559.64   slack (VIOLATED)


Startpoint: _10597_ (falling edge-triggered flip-flop clocked by clk')
Endpoint: _10777_ (falling edge-triggered flip-flop clocked by clk')
Path Group: clk
Path Type: max

  Delay    Time   Description
---------------------------------------------------------
   0.00    0.00   clock clk' (fall edge)
   0.00    0.00   clock network delay (ideal)
   0.00    0.00 v _10597_/CLK (DFFLQNx2_ASAP7_75t_R)
 148.99  148.99 ^ _10597_/QN (DFFLQNx2_ASAP7_75t_R)
  49.59  198.58 v _05507_/Y (CKINVDCx20_ASAP7_75t_R)
  84.44  283.02 v _05555_/Y (OR3x4_ASAP7_75t_R)
  81.06  364.08 v _05556_/Y (AND2x6_ASAP7_75t_R)
  39.33  403.40 ^ _05688_/Y (CKINVDCx20_ASAP7_75t_R)
  41.56  444.97 ^ _10206_/Y (OR3x4_ASAP7_75t_R)
  19.59  464.56 v _10207_/Y (NAND2x2_ASAP7_75t_R)
  34.78  499.35 v _10214_/Y (AO21x1_ASAP7_75t_R)
  51.51  550.85 v _10215_/Y (OA211x2_ASAP7_75t_R)
   0.00  550.85 v _10777_/D (DFFLQNx3_ASAP7_75t_R)
         550.85   data arrival time

  10.00   10.00   clock clk' (fall edge)
   0.00   10.00   clock network delay (ideal)
   0.00   10.00   clock reconvergence pessimism
          10.00 v _10777_/CLK (DFFLQNx3_ASAP7_75t_R)
 -18.79   -8.79   library setup time
          -8.79   data required time
---------------------------------------------------------
          -8.79   data required time
        -550.85   data arrival time
---------------------------------------------------------
        -559.65   slack (VIOLATED)


Startpoint: _10597_ (falling edge-triggered flip-flop clocked by clk')
Endpoint: _10774_ (falling edge-triggered flip-flop clocked by clk')
Path Group: clk
Path Type: max

  Delay    Time   Description
---------------------------------------------------------
   0.00    0.00   clock clk' (fall edge)
   0.00    0.00   clock network delay (ideal)
   0.00    0.00 v _10597_/CLK (DFFLQNx2_ASAP7_75t_R)
 148.99  148.99 ^ _10597_/QN (DFFLQNx2_ASAP7_75t_R)
  49.59  198.58 v _05507_/Y (CKINVDCx20_ASAP7_75t_R)
  84.44  283.02 v _05555_/Y (OR3x4_ASAP7_75t_R)
  81.06  364.08 v _05556_/Y (AND2x6_ASAP7_75t_R)
  39.33  403.40 ^ _05688_/Y (CKINVDCx20_ASAP7_75t_R)
  41.56  444.97 ^ _10206_/Y (OR3x4_ASAP7_75t_R)
  19.59  464.56 v _10207_/Y (NAND2x2_ASAP7_75t_R)
  34.78  499.35 v _10208_/Y (AO21x1_ASAP7_75t_R)
  51.51  550.85 v _10209_/Y (OA211x2_ASAP7_75t_R)
   0.00  550.85 v _10774_/D (DFFLQNx3_ASAP7_75t_R)
         550.85   data arrival time

  10.00   10.00   clock clk' (fall edge)
   0.00   10.00   clock network delay (ideal)
   0.00   10.00   clock reconvergence pessimism
          10.00 v _10774_/CLK (DFFLQNx3_ASAP7_75t_R)
 -18.79   -8.79   library setup time
          -8.79   data required time
---------------------------------------------------------
          -8.79   data required time
        -550.85   data arrival time
---------------------------------------------------------
        -559.65   slack (VIOLATED)


Startpoint: _10775_ (falling edge-triggered flip-flop clocked by clk')
Endpoint: _10892_ (falling edge-triggered flip-flop clocked by clk')
Path Group: clk
Path Type: max

  Delay    Time   Description
---------------------------------------------------------
   0.00    0.00   clock clk' (fall edge)
   0.00    0.00   clock network delay (ideal)
   0.00    0.00 v _10775_/CLK (DFFLQNx3_ASAP7_75t_R)
 151.64  151.64 v _10775_/QN (DFFLQNx3_ASAP7_75t_R)
  36.95  188.59 ^ _05514_/Y (INVx8_ASAP7_75t_R)
  40.84  229.43 v _05515_/Y (NOR2x2_ASAP7_75t_R)
  41.31  270.75 v rebuffer388/Y (BUFx6f_ASAP7_75t_R)
  34.15  304.90 ^ _05539_/Y (NAND2x2_ASAP7_75t_R)
  48.06  352.96 ^ _05544_/Y (OR3x4_ASAP7_75t_R)
  20.43  373.40 v _05545_/Y (NOR2x2_ASAP7_75t_R)
  37.34  410.74 ^ _06782_/Y (INVx1_ASAP7_75t_R)
  56.96  467.69 v _10480_/CON (HAxp5_ASAP7_75t_R)
  44.16  511.85 v _05560_/Y (AND3x1_ASAP7_75t_R)
  32.79  544.64 v _05647_/Y (AND5x1_ASAP7_75t_R)
  66.93  611.56 v _05653_/Y (OR5x1_ASAP7_75t_R)
   0.00  611.56 v _10892_/D (DFFLQNx2_ASAP7_75t_R)
         611.56   data arrival time

  10.00   10.00   clock clk' (fall edge)
   0.00   10.00   clock network delay (ideal)
   0.00   10.00   clock reconvergence pessimism
          10.00 v _10892_/CLK (DFFLQNx2_ASAP7_75t_R)
 -20.16  -10.16   library setup time
         -10.16   data required time
---------------------------------------------------------
         -10.16   data required time
        -611.56   data arrival time
---------------------------------------------------------
        -621.72   slack (VIOLATED)


Startpoint: _10597_ (falling edge-triggered flip-flop clocked by clk')
Endpoint: _10778_ (falling edge-triggered flip-flop clocked by clk')
Path Group: clk
Path Type: max

  Delay    Time   Description
---------------------------------------------------------
   0.00    0.00   clock clk' (fall edge)
   0.00    0.00   clock network delay (ideal)
   0.00    0.00 v _10597_/CLK (DFFLQNx2_ASAP7_75t_R)
 148.99  148.99 ^ _10597_/QN (DFFLQNx2_ASAP7_75t_R)
  49.59  198.58 v _05507_/Y (CKINVDCx20_ASAP7_75t_R)
  84.44  283.02 v _05555_/Y (OR3x4_ASAP7_75t_R)
  81.06  364.08 v _05556_/Y (AND2x6_ASAP7_75t_R)
  39.33  403.40 ^ _05688_/Y (CKINVDCx20_ASAP7_75t_R)
  41.56  444.97 ^ _10206_/Y (OR3x4_ASAP7_75t_R)
  19.59  464.56 v _10207_/Y (NAND2x2_ASAP7_75t_R)
  34.78  499.35 v _10216_/Y (AO21x1_ASAP7_75t_R)
  51.51  550.85 v _10217_/Y (OA211x2_ASAP7_75t_R)
   0.00  550.85 v _10778_/D (DFFLQNx3_ASAP7_75t_R)
         550.85   data arrival time

  10.00   10.00   clock clk' (fall edge)
   0.00   10.00   clock network delay (ideal)
   0.00   10.00   clock reconvergence pessimism
          10.00 v _10778_/CLK (DFFLQNx3_ASAP7_75t_R)
 -18.79   -8.79   library setup time
          -8.79   data required time
---------------------------------------------------------
          -8.79   data required time
        -550.85   data arrival time
---------------------------------------------------------
        -559.65   slack (VIOLATED)


Startpoint: _10677_ (falling edge-triggered flip-flop clocked by clk')
Endpoint: _10677_ (falling edge-triggered flip-flop clocked by clk')
Path Group: clk
Path Type: max

  Delay    Time   Description
---------------------------------------------------------
   0.00    0.00   clock clk' (fall edge)
   0.00    0.00   clock network delay (ideal)
   0.00    0.00 v _10677_/CLK (DFFLQNx2_ASAP7_75t_R)
 123.76  123.76 v _10677_/QN (DFFLQNx2_ASAP7_75t_R)
  24.94  148.70 ^ _05705_/Y (INVx6_ASAP7_75t_R)
  40.57  189.26 ^ _06242_/Y (AND3x4_ASAP7_75t_R)
  36.78  226.05 ^ _06243_/Y (XOR2x1_ASAP7_75t_R)
  47.94  273.99 v _10448_/CON (FAx1_ASAP7_75t_R)
  46.06  320.05 ^ _10449_/CON (FAx1_ASAP7_75t_R)
  42.70  362.75 ^ rebuffer961/Y (BUFx3_ASAP7_75t_R)
  14.29  377.04 v _06820_/Y (OAI21x1_ASAP7_75t_R)
  46.37  423.41 v _06822_/Y (AO21x2_ASAP7_75t_R)
  33.09  456.49 ^ _10453_/CON (FAx1_ASAP7_75t_R)
  28.59  485.09 v _06823_/Y (INVx1_ASAP7_75t_R)
  34.61  519.70 ^ _10455_/CON (FAx1_ASAP7_75t_R)
  28.59  548.29 v _06825_/Y (INVx1_ASAP7_75t_R)
  33.67  581.96 ^ _10456_/CON (FAx1_ASAP7_75t_R)
  35.71  617.67 ^ split970/Y (BUFx2_ASAP7_75t_R)
  11.69  629.36 v _06827_/Y (INVx1_ASAP7_75t_R)
  30.64  660.00 ^ _10458_/CON (FAx1_ASAP7_75t_R)
  35.11  695.11 ^ split956/Y (BUFx2_ASAP7_75t_R)
  23.21  718.32 ^ rebuffer957/Y (BUFx3_ASAP7_75t_R)
  12.68  730.99 v _09278_/Y (AOI21x1_ASAP7_75t_R)
  33.32  764.32 v _09279_/Y (AO21x1_ASAP7_75t_R)
  35.20  799.51 v _09288_/Y (OA21x2_ASAP7_75t_R)
  26.21  825.72 v _09289_/Y (OA21x2_ASAP7_75t_R)
  18.91  844.63 ^ _09292_/Y (AOI21x1_ASAP7_75t_R)
  18.01  862.64 v _09313_/Y (NAND2x1_ASAP7_75t_R)
  20.50  883.14 ^ _09318_/Y (AOI22x1_ASAP7_75t_R)
   0.00  883.14 ^ _10677_/D (DFFLQNx2_ASAP7_75t_R)
         883.14   data arrival time

  10.00   10.00   clock clk' (fall edge)
   0.00   10.00   clock network delay (ideal)
   0.00   10.00   clock reconvergence pessimism
          10.00 v _10677_/CLK (DFFLQNx2_ASAP7_75t_R)
  -8.90    1.10   library setup time
           1.10   data required time
---------------------------------------------------------
           1.10   data required time
        -883.14   data arrival time
---------------------------------------------------------
        -882.04   slack (VIOLATED)


Startpoint: _10779_ (falling edge-triggered flip-flop clocked by clk')
Endpoint: _10597_ (falling edge-triggered flip-flop clocked by clk')
Path Group: clk
Path Type: max

  Delay    Time   Description
---------------------------------------------------------
   0.00    0.00   clock clk' (fall edge)
   0.00    0.00   clock network delay (ideal)
   0.00    0.00 v _10779_/CLK (DFFLQNx3_ASAP7_75t_R)
 125.83  125.83 v _10779_/QN (DFFLQNx3_ASAP7_75t_R)
  55.42  181.25 v rebuffer383/Y (BUFx2_ASAP7_75t_R)
  37.60  218.85 ^ _05712_/Y (NOR2x2_ASAP7_75t_R)
  40.99  259.84 v _05759_/Y (NAND2x2_ASAP7_75t_R)
  46.59  306.43 ^ _05872_/Y (OAI22x1_ASAP7_75t_R)
  39.88  346.31 v _05874_/Y (NOR2x2_ASAP7_75t_R)
  45.95  392.25 v _08572_/Y (AND3x4_ASAP7_75t_R)
  22.76  415.02 v _08573_/Y (AND4x1_ASAP7_75t_R)
  52.03  467.05 v _08574_/Y (OA211x2_ASAP7_75t_R)
  20.58  487.62 ^ _08580_/Y (OAI21x1_ASAP7_75t_R)
  19.66  507.28 v _08581_/Y (NAND2x1_ASAP7_75t_R)
  84.48  591.76 v _08585_/Y (OR3x4_ASAP7_75t_R)
  29.06  620.82 ^ _08606_/Y (NAND2x2_ASAP7_75t_R)
  43.53  664.35 ^ rebuffer1225/Y (BUFx6f_ASAP7_75t_R)
  30.82  695.17 ^ rebuffer1226/Y (BUFx6f_ASAP7_75t_R)
  11.52  706.69 v _08608_/Y (AOI21x1_ASAP7_75t_R)
  52.66  759.35 v _08609_/Y (AO21x2_ASAP7_75t_R)
  35.25  794.60 v _08622_/Y (AO21x1_ASAP7_75t_R)
  28.64  823.24 v _08623_/Y (AND2x2_ASAP7_75t_R)
   0.00  823.24 v _10597_/D (DFFLQNx2_ASAP7_75t_R)
         823.24   data arrival time

  10.00   10.00   clock clk' (fall edge)
   0.00   10.00   clock network delay (ideal)
   0.00   10.00   clock reconvergence pessimism
          10.00 v _10597_/CLK (DFFLQNx2_ASAP7_75t_R)
 -17.06   -7.06   library setup time
          -7.06   data required time
---------------------------------------------------------
          -7.06   data required time
        -823.24   data arrival time
---------------------------------------------------------
        -830.30   slack (VIOLATED)


Startpoint: _10597_ (falling edge-triggered flip-flop clocked by clk')
Endpoint: _10781_ (falling edge-triggered flip-flop clocked by clk')
Path Group: clk
Path Type: max

  Delay    Time   Description
---------------------------------------------------------
   0.00    0.00   clock clk' (fall edge)
   0.00    0.00   clock network delay (ideal)
   0.00    0.00 v _10597_/CLK (DFFLQNx2_ASAP7_75t_R)
 148.99  148.99 ^ _10597_/QN (DFFLQNx2_ASAP7_75t_R)
  49.59  198.58 v _05507_/Y (CKINVDCx20_ASAP7_75t_R)
  84.44  283.02 v _05555_/Y (OR3x4_ASAP7_75t_R)
  81.06  364.08 v _05556_/Y (AND2x6_ASAP7_75t_R)
  39.33  403.40 ^ _05688_/Y (CKINVDCx20_ASAP7_75t_R)
  41.56  444.97 ^ _10206_/Y (OR3x4_ASAP7_75t_R)
  19.59  464.56 v _10207_/Y (NAND2x2_ASAP7_75t_R)
  34.78  499.35 v _10222_/Y (AO21x1_ASAP7_75t_R)
  51.51  550.85 v _10223_/Y (OA211x2_ASAP7_75t_R)
   0.00  550.85 v _10781_/D (DFFLQNx2_ASAP7_75t_R)
         550.85   data arrival time

  10.00   10.00   clock clk' (fall edge)
   0.00   10.00   clock network delay (ideal)
   0.00   10.00   clock reconvergence pessimism
          10.00 v _10781_/CLK (DFFLQNx2_ASAP7_75t_R)
 -18.79   -8.79   library setup time
          -8.79   data required time
---------------------------------------------------------
          -8.79   data required time
        -550.85   data arrival time
---------------------------------------------------------
        -559.64   slack (VIOLATED)


Startpoint: _10623_ (falling edge-triggered flip-flop clocked by clk')
Endpoint: _10623_ (falling edge-triggered flip-flop clocked by clk')
Path Group: clk
Path Type: max

  Delay    Time   Description
---------------------------------------------------------
   0.00    0.00   clock clk' (fall edge)
   0.00    0.00   clock network delay (ideal)
   0.00    0.00 v _10623_/CLK (DFFLQNx3_ASAP7_75t_R)
  84.81   84.81 ^ _10623_/QN (DFFLQNx3_ASAP7_75t_R)
  17.80  102.61 v _08779_/Y (INVx1_ASAP7_75t_R)
  48.09  150.70 v _08785_/Y (OA211x2_ASAP7_75t_R)
   0.00  150.70 v _10623_/D (DFFLQNx3_ASAP7_75t_R)
         150.70   data arrival time

  10.00   10.00   clock clk' (fall edge)
   0.00   10.00   clock network delay (ideal)
   0.00   10.00   clock reconvergence pessimism
          10.00 v _10623_/CLK (DFFLQNx3_ASAP7_75t_R)
 -18.79   -8.79   library setup time
          -8.79   data required time
---------------------------------------------------------
          -8.79   data required time
        -150.70   data arrival time
---------------------------------------------------------
        -159.49   slack (VIOLATED)


Startpoint: _10775_ (falling edge-triggered flip-flop clocked by clk')
Endpoint: _10638_ (falling edge-triggered flip-flop clocked by clk')
Path Group: clk
Path Type: max

  Delay    Time   Description
---------------------------------------------------------
   0.00    0.00   clock clk' (fall edge)
   0.00    0.00   clock network delay (ideal)
   0.00    0.00 v _10775_/CLK (DFFLQNx3_ASAP7_75t_R)
 151.64  151.64 v _10775_/QN (DFFLQNx3_ASAP7_75t_R)
  70.15  221.79 ^ _05526_/Y (NOR2x2_ASAP7_75t_R)
  48.05  269.85 v _05529_/Y (NAND2x2_ASAP7_75t_R)
  61.79  331.64 ^ _05888_/Y (OAI22x1_ASAP7_75t_R)
  33.46  365.09 v _05889_/Y (NOR2x2_ASAP7_75t_R)
  26.60  391.69 ^ _05890_/Y (NAND2x1_ASAP7_75t_R)
  18.80  410.50 v _05901_/Y (NOR2x1_ASAP7_75t_R)
  28.35  438.85 ^ _05902_/Y (NAND2x1_ASAP7_75t_R)
  20.22  459.07 v _05937_/Y (NOR2x2_ASAP7_75t_R)
  42.43  501.50 ^ _05938_/Y (AOI21x1_ASAP7_75t_R)
  38.24  539.74 v _05999_/Y (AOI21x1_ASAP7_75t_R)
  39.72  579.46 ^ _06004_/Y (AOI21x1_ASAP7_75t_R)
  37.75  617.21 ^ rebuffer413/Y (BUFx3_ASAP7_75t_R)
  38.49  655.70 v _06037_/Y (OAI21x1_ASAP7_75t_R)
  47.59  703.30 v load_slew73/Y (BUFx16f_ASAP7_75t_R)
  37.08  740.38 v max_cap72/Y (BUFx16f_ASAP7_75t_R)
  29.75  770.13 v rebuffer458/Y (BUFx6f_ASAP7_75t_R)
  14.25  784.38 ^ _06211_/Y (NAND2x2_ASAP7_75t_R)
  30.71  815.08 ^ _06212_/Y (AO21x1_ASAP7_75t_R)
  21.86  836.94 v _06218_/Y (AOI21x1_ASAP7_75t_R)
  19.13  856.08 ^ _06219_/Y (NOR2x2_ASAP7_75t_R)
  26.97  883.04 ^ rebuffer636/Y (BUFx3_ASAP7_75t_R)
  13.92  896.97 v _07753_/Y (AOI21x1_ASAP7_75t_R)
  20.58  917.55 ^ _07758_/Y (AOI21x1_ASAP7_75t_R)
  15.17  932.72 v _07760_/Y (OAI21x1_ASAP7_75t_R)
   0.00  932.72 v _10638_/D (DFFLQNx2_ASAP7_75t_R)
         932.72   data arrival time

  10.00   10.00   clock clk' (fall edge)
   0.00   10.00   clock network delay (ideal)
   0.00   10.00   clock reconvergence pessimism
          10.00 v _10638_/CLK (DFFLQNx2_ASAP7_75t_R)
 -18.60   -8.60   library setup time
          -8.60   data required time
---------------------------------------------------------
          -8.60   data required time
        -932.72   data arrival time
---------------------------------------------------------
        -941.32   slack (VIOLATED)


Startpoint: _10597_ (falling edge-triggered flip-flop clocked by clk')
Endpoint: _10779_ (falling edge-triggered flip-flop clocked by clk')
Path Group: clk
Path Type: max

  Delay    Time   Description
---------------------------------------------------------
   0.00    0.00   clock clk' (fall edge)
   0.00    0.00   clock network delay (ideal)
   0.00    0.00 v _10597_/CLK (DFFLQNx2_ASAP7_75t_R)
 148.99  148.99 ^ _10597_/QN (DFFLQNx2_ASAP7_75t_R)
  49.59  198.58 v _05507_/Y (CKINVDCx20_ASAP7_75t_R)
  84.44  283.02 v _05555_/Y (OR3x4_ASAP7_75t_R)
  81.06  364.08 v _05556_/Y (AND2x6_ASAP7_75t_R)
  39.33  403.40 ^ _05688_/Y (CKINVDCx20_ASAP7_75t_R)
  41.56  444.97 ^ _10206_/Y (OR3x4_ASAP7_75t_R)
  19.59  464.56 v _10207_/Y (NAND2x2_ASAP7_75t_R)
  34.78  499.35 v _10218_/Y (AO21x1_ASAP7_75t_R)
  51.51  550.85 v _10219_/Y (OA211x2_ASAP7_75t_R)
   0.00  550.85 v _10779_/D (DFFLQNx3_ASAP7_75t_R)
         550.85   data arrival time

  10.00   10.00   clock clk' (fall edge)
   0.00   10.00   clock network delay (ideal)
   0.00   10.00   clock reconvergence pessimism
          10.00 v _10779_/CLK (DFFLQNx3_ASAP7_75t_R)
 -18.79   -8.79   library setup time
          -8.79   data required time
---------------------------------------------------------
          -8.79   data required time
        -550.85   data arrival time
---------------------------------------------------------
        -559.65   slack (VIOLATED)


Startpoint: _10775_ (falling edge-triggered flip-flop clocked by clk')
Endpoint: _10794_ (falling edge-triggered flip-flop clocked by clk')
Path Group: clk
Path Type: max

  Delay    Time   Description
---------------------------------------------------------
   0.00    0.00   clock clk' (fall edge)
   0.00    0.00   clock network delay (ideal)
   0.00    0.00 v _10775_/CLK (DFFLQNx3_ASAP7_75t_R)
 151.64  151.64 v _10775_/QN (DFFLQNx3_ASAP7_75t_R)
  70.60  222.24 ^ _05584_/Y (NAND2x2_ASAP7_75t_R)
  36.77  259.01 v _05618_/Y (INVx4_ASAP7_75t_R)
  38.62  297.63 ^ _05621_/Y (NAND2x2_ASAP7_75t_R)
  38.19  335.82 ^ rebuffer1058/Y (BUFx3_ASAP7_75t_R)
  19.75  355.57 v _05622_/Y (NOR2x2_ASAP7_75t_R)
  20.88  376.45 ^ _05745_/Y (INVx3_ASAP7_75t_R)
  41.62  418.07 ^ _08572_/Y (AND3x4_ASAP7_75t_R)
  39.17  457.24 ^ _08573_/Y (AND4x1_ASAP7_75t_R)
  39.98  497.22 ^ _08574_/Y (OA211x2_ASAP7_75t_R)
  15.74  512.97 v _08580_/Y (OAI21x1_ASAP7_75t_R)
  24.53  537.50 ^ _08581_/Y (NAND2x1_ASAP7_75t_R)
  46.46  583.95 ^ _08585_/Y (OR3x4_ASAP7_75t_R)
  17.35  601.30 v _08606_/Y (NAND2x2_ASAP7_75t_R)
  43.14  644.44 v rebuffer1225/Y (BUFx6f_ASAP7_75t_R)
  15.28  659.71 ^ _08614_/Y (CKINVDCx14_ASAP7_75t_R)
  23.00  682.71 v _08786_/Y (NOR2x2_ASAP7_75t_R)
  33.86  716.57 v rebuffer1163/Y (BUFx6f_ASAP7_75t_R)
  45.03  761.60 v _10427_/Y (AO32x1_ASAP7_75t_R)
   0.00  761.60 v _10794_/D (DFFLQNx3_ASAP7_75t_R)
         761.60   data arrival time

  10.00   10.00   clock clk' (fall edge)
   0.00   10.00   clock network delay (ideal)
   0.00   10.00   clock reconvergence pessimism
          10.00 v _10794_/CLK (DFFLQNx3_ASAP7_75t_R)
 -18.84   -8.84   library setup time
          -8.84   data required time
---------------------------------------------------------
          -8.84   data required time
        -761.60   data arrival time
---------------------------------------------------------
        -770.43   slack (VIOLATED)


Startpoint: _10621_ (falling edge-triggered flip-flop clocked by clk')
Endpoint: _10621_ (falling edge-triggered flip-flop clocked by clk')
Path Group: clk
Path Type: max

  Delay    Time   Description
---------------------------------------------------------
   0.00    0.00   clock clk' (fall edge)
   0.00    0.00   clock network delay (ideal)
   0.00    0.00 v _10621_/CLK (DFFLQNx2_ASAP7_75t_R)
  81.78   81.78 ^ _10621_/QN (DFFLQNx2_ASAP7_75t_R)
  22.39  104.17 v _08736_/Y (INVx1_ASAP7_75t_R)
  33.39  137.56 v _08780_/Y (AO21x1_ASAP7_75t_R)
  51.00  188.56 v _08781_/Y (OA211x2_ASAP7_75t_R)
   0.00  188.56 v _10621_/D (DFFLQNx2_ASAP7_75t_R)
         188.56   data arrival time

  10.00   10.00   clock clk' (fall edge)
   0.00   10.00   clock network delay (ideal)
   0.00   10.00   clock reconvergence pessimism
          10.00 v _10621_/CLK (DFFLQNx2_ASAP7_75t_R)
 -18.79   -8.79   library setup time
          -8.79   data required time
---------------------------------------------------------
          -8.79   data required time
        -188.56   data arrival time
---------------------------------------------------------
        -197.35   slack (VIOLATED)


Startpoint: _10597_ (falling edge-triggered flip-flop clocked by clk')
Endpoint: _10775_ (falling edge-triggered flip-flop clocked by clk')
Path Group: clk
Path Type: max

  Delay    Time   Description
---------------------------------------------------------
   0.00    0.00   clock clk' (fall edge)
   0.00    0.00   clock network delay (ideal)
   0.00    0.00 v _10597_/CLK (DFFLQNx2_ASAP7_75t_R)
 148.99  148.99 ^ _10597_/QN (DFFLQNx2_ASAP7_75t_R)
  49.59  198.58 v _05507_/Y (CKINVDCx20_ASAP7_75t_R)
  84.44  283.02 v _05555_/Y (OR3x4_ASAP7_75t_R)
  81.06  364.08 v _05556_/Y (AND2x6_ASAP7_75t_R)
  39.33  403.40 ^ _05688_/Y (CKINVDCx20_ASAP7_75t_R)
  41.56  444.97 ^ _10206_/Y (OR3x4_ASAP7_75t_R)
  19.59  464.56 v _10207_/Y (NAND2x2_ASAP7_75t_R)
  34.78  499.35 v _10210_/Y (AO21x1_ASAP7_75t_R)
  51.51  550.85 v _10211_/Y (OA211x2_ASAP7_75t_R)
   0.00  550.85 v _10775_/D (DFFLQNx3_ASAP7_75t_R)
         550.85   data arrival time

  10.00   10.00   clock clk' (fall edge)
   0.00   10.00   clock network delay (ideal)
   0.00   10.00   clock reconvergence pessimism
          10.00 v _10775_/CLK (DFFLQNx3_ASAP7_75t_R)
 -18.79   -8.79   library setup time
          -8.79   data required time
---------------------------------------------------------
          -8.79   data required time
        -550.85   data arrival time
---------------------------------------------------------
        -559.65   slack (VIOLATED)


