Startpoint: _10597_ (falling edge-triggered flip-flop clocked by clk')
Endpoint: _10780_ (falling edge-triggered flip-flop clocked by clk')
Path Group: clk
Path Type: min

  Delay    Time   Description
---------------------------------------------------------
   0.00    0.00   clock clk' (fall edge)
   0.00    0.00   clock network delay (ideal)
   0.00    0.00 v _10597_/CLK (DFFLQNx2_ASAP7_75t_R)
 139.61  139.61 v _10597_/QN (DFFLQNx2_ASAP7_75t_R)
  36.61  176.22 ^ _05507_/Y (CKINVDCx20_ASAP7_75t_R)
  40.49  216.71 ^ _05555_/Y (OR3x4_ASAP7_75t_R)
  66.73  283.44 ^ _05556_/Y (AND2x6_ASAP7_75t_R)
  60.87  344.31 ^ _10203_/Y (OA21x2_ASAP7_75t_R)
  41.02  385.33 ^ _10221_/Y (OA211x2_ASAP7_75t_R)
   0.00  385.33 ^ _10780_/D (DFFLQNx2_ASAP7_75t_R)
         385.33   data arrival time

   0.00    0.00   clock clk' (fall edge)
   0.00    0.00   clock network delay (ideal)
   0.00    0.00   clock reconvergence pessimism
           0.00 v _10780_/CLK (DFFLQNx2_ASAP7_75t_R)
  14.21   14.21   library hold time
          14.21   data required time
---------------------------------------------------------
          14.21   data required time
        -385.33   data arrival time
---------------------------------------------------------
         371.12   slack (MET)


Startpoint: _10597_ (falling edge-triggered flip-flop clocked by clk')
Endpoint: _10777_ (falling edge-triggered flip-flop clocked by clk')
Path Group: clk
Path Type: min

  Delay    Time   Description
---------------------------------------------------------
   0.00    0.00   clock clk' (fall edge)
   0.00    0.00   clock network delay (ideal)
   0.00    0.00 v _10597_/CLK (DFFLQNx2_ASAP7_75t_R)
 139.61  139.61 v _10597_/QN (DFFLQNx2_ASAP7_75t_R)
  36.61  176.22 ^ _05507_/Y (CKINVDCx20_ASAP7_75t_R)
  40.49  216.71 ^ _05555_/Y (OR3x4_ASAP7_75t_R)
  66.73  283.44 ^ _05556_/Y (AND2x6_ASAP7_75t_R)
  60.87  344.31 ^ _10203_/Y (OA21x2_ASAP7_75t_R)
  41.02  385.33 ^ _10215_/Y (OA211x2_ASAP7_75t_R)
   0.00  385.33 ^ _10777_/D (DFFLQNx3_ASAP7_75t_R)
         385.33   data arrival time

   0.00    0.00   clock clk' (fall edge)
   0.00    0.00   clock network delay (ideal)
   0.00    0.00   clock reconvergence pessimism
           0.00 v _10777_/CLK (DFFLQNx3_ASAP7_75t_R)
  17.36   17.36   library hold time
          17.36   data required time
---------------------------------------------------------
          17.36   data required time
        -385.33   data arrival time
---------------------------------------------------------
         367.97   slack (MET)


Startpoint: _10597_ (falling edge-triggered flip-flop clocked by clk')
Endpoint: _10774_ (falling edge-triggered flip-flop clocked by clk')
Path Group: clk
Path Type: min

  Delay    Time   Description
---------------------------------------------------------
   0.00    0.00   clock clk' (fall edge)
   0.00    0.00   clock network delay (ideal)
   0.00    0.00 v _10597_/CLK (DFFLQNx2_ASAP7_75t_R)
 139.61  139.61 v _10597_/QN (DFFLQNx2_ASAP7_75t_R)
  36.61  176.22 ^ _05507_/Y (CKINVDCx20_ASAP7_75t_R)
  40.49  216.71 ^ _05555_/Y (OR3x4_ASAP7_75t_R)
  66.73  283.44 ^ _05556_/Y (AND2x6_ASAP7_75t_R)
  60.87  344.31 ^ _10203_/Y (OA21x2_ASAP7_75t_R)
  41.02  385.33 ^ _10209_/Y (OA211x2_ASAP7_75t_R)
   0.00  385.33 ^ _10774_/D (DFFLQNx3_ASAP7_75t_R)
         385.33   data arrival time

   0.00    0.00   clock clk' (fall edge)
   0.00    0.00   clock network delay (ideal)
   0.00    0.00   clock reconvergence pessimism
           0.00 v _10774_/CLK (DFFLQNx3_ASAP7_75t_R)
  17.36   17.36   library hold time
          17.36   data required time
---------------------------------------------------------
          17.36   data required time
        -385.33   data arrival time
---------------------------------------------------------
         367.97   slack (MET)


Startpoint: _10775_ (falling edge-triggered flip-flop clocked by clk')
Endpoint: _10892_ (falling edge-triggered flip-flop clocked by clk')
Path Group: clk
Path Type: min

  Delay    Time   Description
---------------------------------------------------------
   0.00    0.00   clock clk' (fall edge)
   0.00    0.00   clock network delay (ideal)
   0.00    0.00 v _10775_/CLK (DFFLQNx3_ASAP7_75t_R)
 121.36  121.36 ^ _10775_/QN (DFFLQNx3_ASAP7_75t_R)
  50.12  171.48 v _05526_/Y (NOR2x2_ASAP7_75t_R)
  39.77  211.25 ^ _05529_/Y (NAND2x2_ASAP7_75t_R)
  26.06  237.32 v _05533_/Y (NOR2x2_ASAP7_75t_R)
  15.70  253.02 ^ _05534_/Y (INVx1_ASAP7_75t_R)
  56.47  309.49 ^ _05647_/Y (AND5x1_ASAP7_75t_R)
  29.53  339.02 ^ _05653_/Y (OR5x1_ASAP7_75t_R)
   0.00  339.02 ^ _10892_/D (DFFLQNx2_ASAP7_75t_R)
         339.02   data arrival time

   0.00    0.00   clock clk' (fall edge)
   0.00    0.00   clock network delay (ideal)
   0.00    0.00   clock reconvergence pessimism
           0.00 v _10892_/CLK (DFFLQNx2_ASAP7_75t_R)
  14.49   14.49   library hold time
          14.49   data required time
---------------------------------------------------------
          14.49   data required time
        -339.02   data arrival time
---------------------------------------------------------
         324.53   slack (MET)


Startpoint: _10597_ (falling edge-triggered flip-flop clocked by clk')
Endpoint: _10778_ (falling edge-triggered flip-flop clocked by clk')
Path Group: clk
Path Type: min

  Delay    Time   Description
---------------------------------------------------------
   0.00    0.00   clock clk' (fall edge)
   0.00    0.00   clock network delay (ideal)
   0.00    0.00 v _10597_/CLK (DFFLQNx2_ASAP7_75t_R)
 139.61  139.61 v _10597_/QN (DFFLQNx2_ASAP7_75t_R)
  36.61  176.22 ^ _05507_/Y (CKINVDCx20_ASAP7_75t_R)
  40.49  216.71 ^ _05555_/Y (OR3x4_ASAP7_75t_R)
  66.73  283.44 ^ _05556_/Y (AND2x6_ASAP7_75t_R)
  60.87  344.31 ^ _10203_/Y (OA21x2_ASAP7_75t_R)
  41.02  385.33 ^ _10217_/Y (OA211x2_ASAP7_75t_R)
   0.00  385.33 ^ _10778_/D (DFFLQNx3_ASAP7_75t_R)
         385.33   data arrival time

   0.00    0.00   clock clk' (fall edge)
   0.00    0.00   clock network delay (ideal)
   0.00    0.00   clock reconvergence pessimism
           0.00 v _10778_/CLK (DFFLQNx3_ASAP7_75t_R)
  17.36   17.36   library hold time
          17.36   data required time
---------------------------------------------------------
          17.36   data required time
        -385.33   data arrival time
---------------------------------------------------------
         367.97   slack (MET)


Startpoint: _10677_ (falling edge-triggered flip-flop clocked by clk')
Endpoint: _10677_ (falling edge-triggered flip-flop clocked by clk')
Path Group: clk
Path Type: min

  Delay    Time   Description
---------------------------------------------------------
   0.00    0.00   clock clk' (fall edge)
   0.00    0.00   clock network delay (ideal)
   0.00    0.00 v _10677_/CLK (DFFLQNx2_ASAP7_75t_R)
 115.77  115.77 v _10677_/QN (DFFLQNx2_ASAP7_75t_R)
  48.79  164.57 v split969/Y (BUFx2_ASAP7_75t_R)
  16.95  181.52 ^ _09318_/Y (AOI22x1_ASAP7_75t_R)
   0.00  181.52 ^ _10677_/D (DFFLQNx2_ASAP7_75t_R)
         181.52   data arrival time

   0.00    0.00   clock clk' (fall edge)
   0.00    0.00   clock network delay (ideal)
   0.00    0.00   clock reconvergence pessimism
           0.00 v _10677_/CLK (DFFLQNx2_ASAP7_75t_R)
  14.25   14.25   library hold time
          14.25   data required time
---------------------------------------------------------
          14.25   data required time
        -181.52   data arrival time
---------------------------------------------------------
         167.27   slack (MET)


Startpoint: _10779_ (falling edge-triggered flip-flop clocked by clk')
Endpoint: _10597_ (falling edge-triggered flip-flop clocked by clk')
Path Group: clk
Path Type: min

  Delay    Time   Description
---------------------------------------------------------
   0.00    0.00   clock clk' (fall edge)
   0.00    0.00   clock network delay (ideal)
   0.00    0.00 v _10779_/CLK (DFFLQNx3_ASAP7_75t_R)
 100.54  100.54 ^ _10779_/QN (DFFLQNx3_ASAP7_75t_R)
  36.48  137.02 ^ rebuffer385/Y (BUFx12f_ASAP7_75t_R)
  13.15  150.17 v _05573_/Y (CKINVDCx14_ASAP7_75t_R)
  28.30  178.47 ^ _05581_/Y (NAND2x2_ASAP7_75t_R)
  24.25  202.72 v _05582_/Y (NOR2x2_ASAP7_75t_R)
  34.99  237.72 v _05598_/Y (AO32x1_ASAP7_75t_R)
  35.13  272.85 v _05599_/Y (AO32x2_ASAP7_75t_R)
  29.58  302.43 v rebuffer1421/Y (BUFx2_ASAP7_75t_R)
  35.58  338.01 ^ _08604_/Y (AOI221x1_ASAP7_75t_R)
  39.98  377.99 ^ _08621_/Y (AND3x1_ASAP7_75t_R)
  19.78  397.77 ^ _08622_/Y (AO21x1_ASAP7_75t_R)
  25.56  423.33 ^ _08623_/Y (AND2x2_ASAP7_75t_R)
   0.00  423.33 ^ _10597_/D (DFFLQNx2_ASAP7_75t_R)
         423.33   data arrival time

   0.00    0.00   clock clk' (fall edge)
   0.00    0.00   clock network delay (ideal)
   0.00    0.00   clock reconvergence pessimism
           0.00 v _10597_/CLK (DFFLQNx2_ASAP7_75t_R)
  14.80   14.80   library hold time
          14.80   data required time
---------------------------------------------------------
          14.80   data required time
        -423.33   data arrival time
---------------------------------------------------------
         408.54   slack (MET)


Startpoint: _10597_ (falling edge-triggered flip-flop clocked by clk')
Endpoint: _10781_ (falling edge-triggered flip-flop clocked by clk')
Path Group: clk
Path Type: min

  Delay    Time   Description
---------------------------------------------------------
   0.00    0.00   clock clk' (fall edge)
   0.00    0.00   clock network delay (ideal)
   0.00    0.00 v _10597_/CLK (DFFLQNx2_ASAP7_75t_R)
 139.61  139.61 v _10597_/QN (DFFLQNx2_ASAP7_75t_R)
  36.61  176.22 ^ _05507_/Y (CKINVDCx20_ASAP7_75t_R)
  40.49  216.71 ^ _05555_/Y (OR3x4_ASAP7_75t_R)
  66.73  283.44 ^ _05556_/Y (AND2x6_ASAP7_75t_R)
  60.87  344.31 ^ _10203_/Y (OA21x2_ASAP7_75t_R)
  41.02  385.33 ^ _10223_/Y (OA211x2_ASAP7_75t_R)
   0.00  385.33 ^ _10781_/D (DFFLQNx2_ASAP7_75t_R)
         385.33   data arrival time

   0.00    0.00   clock clk' (fall edge)
   0.00    0.00   clock network delay (ideal)
   0.00    0.00   clock reconvergence pessimism
           0.00 v _10781_/CLK (DFFLQNx2_ASAP7_75t_R)
  14.21   14.21   library hold time
          14.21   data required time
---------------------------------------------------------
          14.21   data required time
        -385.33   data arrival time
---------------------------------------------------------
         371.12   slack (MET)


Startpoint: _10623_ (falling edge-triggered flip-flop clocked by clk')
Endpoint: _10623_ (falling edge-triggered flip-flop clocked by clk')
Path Group: clk
Path Type: min

  Delay    Time   Description
---------------------------------------------------------
   0.00    0.00   clock clk' (fall edge)
   0.00    0.00   clock network delay (ideal)
   0.00    0.00 v _10623_/CLK (DFFLQNx3_ASAP7_75t_R)
 100.34  100.34 v _10623_/QN (DFFLQNx3_ASAP7_75t_R)
  19.11  119.45 ^ _08779_/Y (INVx1_ASAP7_75t_R)
  37.71  157.15 ^ _08785_/Y (OA211x2_ASAP7_75t_R)
   0.00  157.15 ^ _10623_/D (DFFLQNx3_ASAP7_75t_R)
         157.15   data arrival time

   0.00    0.00   clock clk' (fall edge)
   0.00    0.00   clock network delay (ideal)
   0.00    0.00   clock reconvergence pessimism
           0.00 v _10623_/CLK (DFFLQNx3_ASAP7_75t_R)
  17.36   17.36   library hold time
          17.36   data required time
---------------------------------------------------------
          17.36   data required time
        -157.15   data arrival time
---------------------------------------------------------
         139.80   slack (MET)


Startpoint: _10775_ (falling edge-triggered flip-flop clocked by clk')
Endpoint: _10638_ (falling edge-triggered flip-flop clocked by clk')
Path Group: clk
Path Type: min

  Delay    Time   Description
---------------------------------------------------------
   0.00    0.00   clock clk' (fall edge)
   0.00    0.00   clock network delay (ideal)
   0.00    0.00 v _10775_/CLK (DFFLQNx3_ASAP7_75t_R)
 121.36  121.36 ^ _10775_/QN (DFFLQNx3_ASAP7_75t_R)
  26.31  147.67 v _05514_/Y (INVx8_ASAP7_75t_R)
  36.52  184.19 v _07619_/Y (AO21x1_ASAP7_75t_R)
  40.84  225.03 ^ _07634_/Y (OAI21x1_ASAP7_75t_R)
  19.29  244.32 v _07741_/Y (NAND2x2_ASAP7_75t_R)
  22.32  266.63 ^ _07742_/Y (NOR2x2_ASAP7_75t_R)
  17.49  284.12 v _07756_/Y (AOI22x1_ASAP7_75t_R)
  24.55  308.67 ^ _07757_/Y (NAND3x1_ASAP7_75t_R)
  13.45  322.12 v _07758_/Y (AOI21x1_ASAP7_75t_R)
  15.23  337.35 ^ _07760_/Y (OAI21x1_ASAP7_75t_R)
   0.00  337.35 ^ _10638_/D (DFFLQNx2_ASAP7_75t_R)
         337.35   data arrival time

   0.00    0.00   clock clk' (fall edge)
   0.00    0.00   clock network delay (ideal)
   0.00    0.00   clock reconvergence pessimism
           0.00 v _10638_/CLK (DFFLQNx2_ASAP7_75t_R)
  15.20   15.20   library hold time
          15.20   data required time
---------------------------------------------------------
          15.20   data required time
        -337.35   data arrival time
---------------------------------------------------------
         322.14   slack (MET)


Startpoint: _10597_ (falling edge-triggered flip-flop clocked by clk')
Endpoint: _10779_ (falling edge-triggered flip-flop clocked by clk')
Path Group: clk
Path Type: min

  Delay    Time   Description
---------------------------------------------------------
   0.00    0.00   clock clk' (fall edge)
   0.00    0.00   clock network delay (ideal)
   0.00    0.00 v _10597_/CLK (DFFLQNx2_ASAP7_75t_R)
 139.61  139.61 v _10597_/QN (DFFLQNx2_ASAP7_75t_R)
  36.61  176.22 ^ _05507_/Y (CKINVDCx20_ASAP7_75t_R)
  40.49  216.71 ^ _05555_/Y (OR3x4_ASAP7_75t_R)
  66.73  283.44 ^ _05556_/Y (AND2x6_ASAP7_75t_R)
  60.87  344.31 ^ _10203_/Y (OA21x2_ASAP7_75t_R)
  41.02  385.33 ^ _10219_/Y (OA211x2_ASAP7_75t_R)
   0.00  385.33 ^ _10779_/D (DFFLQNx3_ASAP7_75t_R)
         385.33   data arrival time

   0.00    0.00   clock clk' (fall edge)
   0.00    0.00   clock network delay (ideal)
   0.00    0.00   clock reconvergence pessimism
           0.00 v _10779_/CLK (DFFLQNx3_ASAP7_75t_R)
  17.36   17.36   library hold time
          17.36   data required time
---------------------------------------------------------
          17.36   data required time
        -385.33   data arrival time
---------------------------------------------------------
         367.97   slack (MET)


Startpoint: _10775_ (falling edge-triggered flip-flop clocked by clk')
Endpoint: _10794_ (falling edge-triggered flip-flop clocked by clk')
Path Group: clk
Path Type: min

  Delay    Time   Description
---------------------------------------------------------
   0.00    0.00   clock clk' (fall edge)
   0.00    0.00   clock network delay (ideal)
   0.00    0.00 v _10775_/CLK (DFFLQNx3_ASAP7_75t_R)
 121.36  121.36 ^ _10775_/QN (DFFLQNx3_ASAP7_75t_R)
  26.90  148.26 v _05723_/Y (NAND3x2_ASAP7_75t_R)
  18.37  166.63 ^ _07134_/Y (NOR2x2_ASAP7_75t_R)
  14.49  181.13 v _07194_/Y (INVx2_ASAP7_75t_R)
  22.65  203.78 v _10424_/Y (AND4x1_ASAP7_75t_R)
  48.50  252.28 v _10425_/Y (OA211x2_ASAP7_75t_R)
  12.26  264.54 ^ _10426_/Y (AOI21x1_ASAP7_75t_R)
  31.58  296.12 ^ _10427_/Y (AO32x1_ASAP7_75t_R)
   0.00  296.12 ^ _10794_/D (DFFLQNx3_ASAP7_75t_R)
         296.12   data arrival time

   0.00    0.00   clock clk' (fall edge)
   0.00    0.00   clock network delay (ideal)
   0.00    0.00   clock reconvergence pessimism
           0.00 v _10794_/CLK (DFFLQNx3_ASAP7_75t_R)
  17.75   17.75   library hold time
          17.75   data required time
---------------------------------------------------------
          17.75   data required time
        -296.12   data arrival time
---------------------------------------------------------
         278.37   slack (MET)


Startpoint: _10621_ (falling edge-triggered flip-flop clocked by clk')
Endpoint: _10621_ (falling edge-triggered flip-flop clocked by clk')
Path Group: clk
Path Type: min

  Delay    Time   Description
---------------------------------------------------------
   0.00    0.00   clock clk' (fall edge)
   0.00    0.00   clock network delay (ideal)
   0.00    0.00 v _10621_/CLK (DFFLQNx2_ASAP7_75t_R)
  91.33   91.33 v _10621_/QN (DFFLQNx2_ASAP7_75t_R)
  22.31  113.64 ^ _08736_/Y (INVx1_ASAP7_75t_R)
  22.89  136.53 ^ _08780_/Y (AO21x1_ASAP7_75t_R)
  31.16  167.70 ^ _08781_/Y (OA211x2_ASAP7_75t_R)
   0.00  167.70 ^ _10621_/D (DFFLQNx2_ASAP7_75t_R)
         167.70   data arrival time

   0.00    0.00   clock clk' (fall edge)
   0.00    0.00   clock network delay (ideal)
   0.00    0.00   clock reconvergence pessimism
           0.00 v _10621_/CLK (DFFLQNx2_ASAP7_75t_R)
  14.21   14.21   library hold time
          14.21   data required time
---------------------------------------------------------
          14.21   data required time
        -167.70   data arrival time
---------------------------------------------------------
         153.48   slack (MET)


Startpoint: _10597_ (falling edge-triggered flip-flop clocked by clk')
Endpoint: _10775_ (falling edge-triggered flip-flop clocked by clk')
Path Group: clk
Path Type: min

  Delay    Time   Description
---------------------------------------------------------
   0.00    0.00   clock clk' (fall edge)
   0.00    0.00   clock network delay (ideal)
   0.00    0.00 v _10597_/CLK (DFFLQNx2_ASAP7_75t_R)
 139.61  139.61 v _10597_/QN (DFFLQNx2_ASAP7_75t_R)
  36.61  176.22 ^ _05507_/Y (CKINVDCx20_ASAP7_75t_R)
  40.49  216.71 ^ _05555_/Y (OR3x4_ASAP7_75t_R)
  66.73  283.44 ^ _05556_/Y (AND2x6_ASAP7_75t_R)
  60.87  344.31 ^ _10203_/Y (OA21x2_ASAP7_75t_R)
  41.02  385.33 ^ _10211_/Y (OA211x2_ASAP7_75t_R)
   0.00  385.33 ^ _10775_/D (DFFLQNx3_ASAP7_75t_R)
         385.33   data arrival time

   0.00    0.00   clock clk' (fall edge)
   0.00    0.00   clock network delay (ideal)
   0.00    0.00   clock reconvergence pessimism
           0.00 v _10775_/CLK (DFFLQNx3_ASAP7_75t_R)
  17.36   17.36   library hold time
          17.36   data required time
---------------------------------------------------------
          17.36   data required time
        -385.33   data arrival time
---------------------------------------------------------
         367.97   slack (MET)


